Archive member included to satisfy reference by file (symbol)

c:/nxp/mcuxpressoide_10.3.0_2200/ide/plugins/com.nxp.mcuxpresso.tools.win32_10.3.0.201811011841/tools/bin/../lib/gcc/arm-none-eabi/7.3.1/../../../../arm-none-eabi/lib/thumb/v6-m\libcr_nohost_nf.a(_cr__main.o)
                              ./startup/startup_mkl25z4.o (__main)
c:/nxp/mcuxpressoide_10.3.0_2200/ide/plugins/com.nxp.mcuxpresso.tools.win32_10.3.0.201811011841/tools/bin/../lib/gcc/arm-none-eabi/7.3.1/../../../../arm-none-eabi/lib/thumb/v6-m\libcr_c.a(memcpy.o)
                              ./drivers/fsl_flash.o (memcpy)
c:/nxp/mcuxpressoide_10.3.0_2200/ide/plugins/com.nxp.mcuxpresso.tools.win32_10.3.0.201811011841/tools/bin/../lib/gcc/arm-none-eabi/7.3.1/../../../../arm-none-eabi/lib/thumb/v6-m\libcr_c.a(memset.o)
                              ./drivers/fsl_flash.o (memset)
c:/nxp/mcuxpressoide_10.3.0_2200/ide/plugins/com.nxp.mcuxpresso.tools.win32_10.3.0.201811011841/tools/bin/../lib/gcc/arm-none-eabi/7.3.1/../../../../arm-none-eabi/lib/thumb/v6-m\libcr_c.a(alloc.o)
                              ./src/free_mem.o (free)
c:/nxp/mcuxpressoide_10.3.0_2200/ide/plugins/com.nxp.mcuxpresso.tools.win32_10.3.0.201811011841/tools/bin/../lib/gcc/arm-none-eabi/7.3.1/../../../../arm-none-eabi/lib/thumb/v6-m\libcr_c.a(initio.o)
                              c:/nxp/mcuxpressoide_10.3.0_2200/ide/plugins/com.nxp.mcuxpresso.tools.win32_10.3.0.201811011841/tools/bin/../lib/gcc/arm-none-eabi/7.3.1/../../../../arm-none-eabi/lib/thumb/v6-m\libcr_nohost_nf.a(_cr__main.o) (_initio)
c:/nxp/mcuxpressoide_10.3.0_2200/ide/plugins/com.nxp.mcuxpresso.tools.win32_10.3.0.201811011841/tools/bin/../lib/gcc/arm-none-eabi/7.3.1/../../../../arm-none-eabi/lib/thumb/v6-m\libcr_c.a(setvbuf.o)
                              c:/nxp/mcuxpressoide_10.3.0_2200/ide/plugins/com.nxp.mcuxpresso.tools.win32_10.3.0.201811011841/tools/bin/../lib/gcc/arm-none-eabi/7.3.1/../../../../arm-none-eabi/lib/thumb/v6-m\libcr_c.a(initio.o) (setvbuf)
c:/nxp/mcuxpressoide_10.3.0_2200/ide/plugins/com.nxp.mcuxpresso.tools.win32_10.3.0.201811011841/tools/bin/../lib/gcc/arm-none-eabi/7.3.1/../../../../arm-none-eabi/lib/thumb/v6-m\libcr_c.a(strlen.o)
                              ./utilities/fsl_debug_console.o (strlen)
c:/nxp/mcuxpressoide_10.3.0_2200/ide/plugins/com.nxp.mcuxpresso.tools.win32_10.3.0.201811011841/tools/bin/../lib/gcc/arm-none-eabi/7.3.1/../../../../arm-none-eabi/lib/thumb/v6-m\libcr_c.a(strncmp.o)
                              ./src/main.o (strncmp)
c:/nxp/mcuxpressoide_10.3.0_2200/ide/plugins/com.nxp.mcuxpresso.tools.win32_10.3.0.201811011841/tools/bin/../lib/gcc/arm-none-eabi/7.3.1/../../../../arm-none-eabi/lib/thumb/v6-m\libcr_c.a(__init_alloc.o)
                              c:/nxp/mcuxpressoide_10.3.0_2200/ide/plugins/com.nxp.mcuxpresso.tools.win32_10.3.0.201811011841/tools/bin/../lib/gcc/arm-none-eabi/7.3.1/../../../../arm-none-eabi/lib/thumb/v6-m\libcr_c.a(alloc.o) (__heaps)
c:/nxp/mcuxpressoide_10.3.0_2200/ide/plugins/com.nxp.mcuxpresso.tools.win32_10.3.0.201811011841/tools/bin/../lib/gcc/arm-none-eabi/7.3.1/../../../../arm-none-eabi/lib/thumb/v6-m\libcr_c.a(_cr_sbrk.o)
                              c:/nxp/mcuxpressoide_10.3.0_2200/ide/plugins/com.nxp.mcuxpresso.tools.win32_10.3.0.201811011841/tools/bin/../lib/gcc/arm-none-eabi/7.3.1/../../../../arm-none-eabi/lib/thumb/v6-m\libcr_c.a(alloc.o) (_sbrk)
c:/nxp/mcuxpressoide_10.3.0_2200/ide/plugins/com.nxp.mcuxpresso.tools.win32_10.3.0.201811011841/tools/bin/../lib/gcc/arm-none-eabi/7.3.1/../../../../arm-none-eabi/lib/thumb/v6-m\libcr_c.a(_fdopen.o)
                              c:/nxp/mcuxpressoide_10.3.0_2200/ide/plugins/com.nxp.mcuxpresso.tools.win32_10.3.0.201811011841/tools/bin/../lib/gcc/arm-none-eabi/7.3.1/../../../../arm-none-eabi/lib/thumb/v6-m\libcr_c.a(initio.o) (_fdopen)
c:/nxp/mcuxpressoide_10.3.0_2200/ide/plugins/com.nxp.mcuxpresso.tools.win32_10.3.0.201811011841/tools/bin/../lib/gcc/arm-none-eabi/7.3.1/../../../../arm-none-eabi/lib/thumb/v6-m\libcr_c.a(errno.o)
                              c:/nxp/mcuxpressoide_10.3.0_2200/ide/plugins/com.nxp.mcuxpresso.tools.win32_10.3.0.201811011841/tools/bin/../lib/gcc/arm-none-eabi/7.3.1/../../../../arm-none-eabi/lib/thumb/v6-m\libcr_c.a(_cr_sbrk.o) (errno)
c:/nxp/mcuxpressoide_10.3.0_2200/ide/plugins/com.nxp.mcuxpresso.tools.win32_10.3.0.201811011841/tools/bin/../lib/gcc/arm-none-eabi/7.3.1/../../../../arm-none-eabi/lib/thumb/v6-m\libcr_c.a(fclose.o)
                              c:/nxp/mcuxpressoide_10.3.0_2200/ide/plugins/com.nxp.mcuxpresso.tools.win32_10.3.0.201811011841/tools/bin/../lib/gcc/arm-none-eabi/7.3.1/../../../../arm-none-eabi/lib/thumb/v6-m\libcr_c.a(initio.o) (fclose)
c:/nxp/mcuxpressoide_10.3.0_2200/ide/plugins/com.nxp.mcuxpresso.tools.win32_10.3.0.201811011841/tools/bin/../lib/gcc/arm-none-eabi/7.3.1/../../../../arm-none-eabi/lib/thumb/v6-m\libcr_c.a(fflush.o)
[...]
Memory Configuration

Name             Origin             Length             Attributes
PROGRAM_FLASH    0x00000000         0x00020000         xr
SRAM             0x1ffff000         0x00004000         xrw
*default*        0x00000000         0xffffffff

Linker script and memory map

LOAD ./utilities/fsl_debug_console.o
LOAD ./startup/startup_mkl25z4.o
LOAD ./src/allocate.o
LOAD ./src/display.o
LOAD ./src/exit_pgm.o
LOAD ./src/free_mem.o
LOAD ./src/help.o
LOAD ./src/invert.o
LOAD ./src/main.o
LOAD ./src/mtb.o
LOAD ./src/pattern.o
LOAD ./src/retarget_itm.o
LOAD ./src/semihost_hardfault.o
LOAD ./src/verify.o
LOAD ./src/write.o
LOAD ./drivers/fsl_clock.o
LOAD ./drivers/fsl_common.o
LOAD ./drivers/fsl_flash.o
LOAD ./drivers/fsl_gpio.o
LOAD ./drivers/fsl_lpsci.o
LOAD ./drivers/fsl_smc.o
LOAD ./drivers/fsl_uart.o
LOAD ./board/board.o
LOAD ./board/clock_config.o
LOAD ./board/pin_mux.o
LOAD ./CMSIS/system_MKL25Z4.o
START GROUP
LOAD c:/nxp/mcuxpressoide_10.3.0_2200/ide/plugins/com.nxp.mcuxpresso.tools.win32_10.3.0.201811011841/tools/bin/../lib/gcc/arm-none-eabi/7.3.1/../../../../arm-none-eabi/lib/thumb/v6-m\libcr_nohost_nf.a
LOAD c:/nxp/mcuxpressoide_10.3.0_2200/ide/plugins/com.nxp.mcuxpresso.tools.win32_10.3.0.201811011841/tools/bin/../lib/gcc/arm-none-eabi/7.3.1/../../../../arm-none-eabi/lib/thumb/v6-m\libcr_c.a
LOAD c:/nxp/mcuxpressoide_10.3.0_2200/ide/plugins/com.nxp.mcuxpresso.tools.win32_10.3.0.201811011841/tools/bin/../lib/gcc/arm-none-eabi/7.3.1/thumb/v6-m\libcr_eabihelpers.a
END GROUP
                0x00000000                __base_PROGRAM_FLASH = 0x0
                0x00000000                __base_Flash = 0x0
                0x00020000                __top_PROGRAM_FLASH = 0x20000
                0x00020000                __top_Flash = 0x20000
                0x1ffff000                __base_SRAM = 0x1ffff000
                0x1ffff000                __base_RAM = 0x1ffff000
                0x20003000                __top_SRAM = 0x20003000
                0x20003000                __top_RAM = 0x20003000

.text           0x00000000     0x4b98
 FILL mask 0xff
                0x00000000                __vectors_start__ = ABSOLUTE (.)
 *(SORT_BY_ALIGNMENT(.isr_vector))
 .isr_vector    0x00000000       0xc0 ./startup/startup_mkl25z4.o
                0x00000000                g_pfnVectors
                0x00000000                __Vectors
                0x000000c0                . = ALIGN (0x4)
                0x000000c0                __section_table_start = .
                0x000000c0                __data_section_table = .
                0x000000c0        0x4 LONG 0x4b98 LOADADDR (.data)
                0x000000c4        0x4 LONG 0x1ffff080 ADDR (.data)
                0x000000c8        0x4 LONG 0x8 SIZEOF (.data)
                0x000000cc                __data_section_table_end = .
                0x000000cc                __bss_section_table = .
                0x000000cc        0x4 LONG 0x1ffff088 ADDR (.bss)
                0x000000d0        0x4 LONG 0x100 SIZEOF (.bss)
                0x000000d4                __bss_section_table_end = .
                0x000000d4                __section_table_end = .
 *(SORT_BY_ALIGNMENT(.after_vectors*))
 .after_vectors.reset
                0x000000d4       0x4c ./startup/startup_mkl25z4.o
                0x000000d4                ResetISR
 .after_vectors.init_data
                0x00000120       0x16 ./startup/startup_mkl25z4.o
                0x00000120                data_init
 .after_vectors.init_bss
                0x00000136       0x12 ./startup/startup_mkl25z4.o
                0x00000136                bss_init
 .after_vectors
                0x00000148      0x10c ./startup/startup_mkl25z4.o
                0x00000148                NMI_Handler
                0x0000014c                SVC_Handler
                0x0000014e                PendSV_Handler
                0x00000152                SPI1_DriverIRQHandler
                0x00000152                LPTMR0_DriverIRQHandler
                0x00000152                DMA0_DriverIRQHandler
                0x00000152                I2C0_DriverIRQHandler
                0x00000152                Reserved39_DriverIRQHandler
                0x00000152                PORTD_DriverIRQHandler
                0x00000152                DMA2_DriverIRQHandler
                0x00000152                CMP0_DriverIRQHandler
                0x00000152                TPM2_DriverIRQHandler
                0x00000152                ADC0_DriverIRQHandler
                0x00000152                SPI0_DriverIRQHandler
                0x00000152                TSI0_DriverIRQHandler
                0x00000152                RTC_Seconds_DriverIRQHandler
                0x00000152                I2C1_DriverIRQHandler
                0x00000152                DMA1_DriverIRQHandler
                0x00000152                LLWU_DriverIRQHandler
                0x00000152                MCG_DriverIRQHandler
                0x00000152                PIT_DriverIRQHandler
                0x00000152                RTC_DriverIRQHandler
                0x00000152                TPM1_DriverIRQHandler
                0x00000152                FTFA_DriverIRQHandler
                0x00000152                IntDefaultHandler
                0x00000152                USB0_DriverIRQHandler
                0x00000152                DAC0_DriverIRQHandler
                0x00000152                PORTA_DriverIRQHandler
                0x00000152                LVD_LVW_DriverIRQHandler
                0x00000152                TPM0_DriverIRQHandler
                0x00000152                Reserved45_DriverIRQHandler
                0x00000152                DMA3_DriverIRQHandler
                0x00000152                Reserved20_DriverIRQHandler
                0x00000154                DMA0_IRQHandler
                0x0000015c                DMA1_IRQHandler
                0x00000164                DMA2_IRQHandler
                0x0000016c                DMA3_IRQHandler
                0x00000174                Reserved20_IRQHandler
                0x0000017c                FTFA_IRQHandler
                0x00000184                LVD_LVW_IRQHandler
                0x0000018c                LLWU_IRQHandler
                0x00000194                I2C0_IRQHandler
                0x0000019c                I2C1_IRQHandler
                0x000001a4                SPI0_IRQHandler
                0x000001ac                SPI1_IRQHandler
                0x000001b4                UART0_IRQHandler
                0x000001bc                UART1_IRQHandler
                0x000001c4                UART2_IRQHandler
                0x000001cc                ADC0_IRQHandler
                0x000001d4                CMP0_IRQHandler
                0x000001dc                TPM0_IRQHandler
                0x000001e4                TPM1_IRQHandler
                0x000001ec                TPM2_IRQHandler
                0x000001f4                RTC_IRQHandler
                0x000001fc                RTC_Seconds_IRQHandler
                0x00000204                PIT_IRQHandler
                0x0000020c                Reserved39_IRQHandler
                0x00000214                USB0_IRQHandler
                0x0000021c                DAC0_IRQHandler
                0x00000224                TSI0_IRQHandler
                0x0000022c                MCG_IRQHandler
                0x00000234                LPTMR0_IRQHandler
                0x0000023c                Reserved45_IRQHandler
                0x00000244                PORTA_IRQHandler
                0x0000024c                PORTD_IRQHandler
                0x00000400                . = 0x400
 *fill*         0x00000254      0x1ac ff
                0x00000400                PROVIDE (__FLASH_CONFIG_START__ = .)
 *(SORT_BY_ALIGNMENT(.FlashConfig))
 .FlashConfig   0x00000400       0x10 ./startup/startup_mkl25z4.o
                0x00000400                Flash_Config
                0x00000410                PROVIDE (__FLASH_CONFIG_END__ = .)
                0x00000001                ASSERT (! ((__FLASH_CONFIG_START__ == __FLASH_CONFIG_END__)), Linker Flash Config Support Enabled, but no .FlashConfig section provided within application)
 *(SORT_BY_ALIGNMENT(.text*))
 .text.DbgConsole_Init
                0x00000410       0xf4 ./utilities/fsl_debug_console.o
                0x00000410                DbgConsole_Init
 .text.DbgConsole_Printf
                0x00000504       0x44 ./utilities/fsl_debug_console.o
                0x00000504                DbgConsole_Printf
 .text.DbgConsole_Putchar
                0x00000548       0x34 ./utilities/fsl_debug_console.o
                0x00000548                DbgConsole_Putchar
 .text.DbgConsole_Scanf
                0x0000057c       0xc0 ./utilities/fsl_debug_console.o
                0x0000057c                DbgConsole_Scanf
 .text.DbgConsole_Getchar
                0x0000063c       0x40 ./utilities/fsl_debug_console.o
                0x0000063c                DbgConsole_Getchar
 .text.DbgConsole_ScanfFormattedData
                0x0000067c      0x50c ./utilities/fsl_debug_console.o
 .text.allocate
                0x00000b88       0xd4 ./src/allocate.o
                0x00000b88                allocate
 .text.display  0x00000c5c       0x70 ./src/display.o
                0x00000c5c                display
 .text.exit_pgm
                0x00000ccc       0x20 ./src/exit_pgm.o
                0x00000ccc                exit_pgm
 .text.free_mem
                0x00000cec       0x34 ./src/free_mem.o
                0x00000cec                free_mem
 .text.help     0x00000d20       0x90 ./src/help.o
                0x00000d20                help
 .text.invert   0x00000db0      0x110 ./src/invert.o
                0x00000db0                invert
 .text.NVIC_SetPriority
                0x00000ec0       0xdc ./src/main.o
 .text.SysTick_Config
                0x00000f9c       0x48 ./src/main.o
 .text.Init_Systick
                0x00000fe4       0x34 ./src/main.o
                0x00000fe4                Init_Systick
 .text.SysTick_Handler
                0x00001018       0x28 ./src/main.o
                0x00001018                SysTick_Handler
 .text.get_clk  0x00001040       0x14 ./src/main.o
                0x00001040                get_clk
 .text.main     0x00001054      0x13c ./src/main.o
                0x00001054                main
 .text.pattern  0x00001190      0x14c ./src/pattern.o
                0x00001190                pattern
 .text.__sys_write
                0x000012dc       0x74 ./src/retarget_itm.o
                0x000012dc                __sys_write
 .text.HardFault_Handler
                0x00001350       0x30 ./src/semihost_hardfault.o
                0x00001350                HardFault_Handler
 .text.verify   0x00001380      0x150 ./src/verify.o
                0x00001380                verify
 .text.write    0x000014d0       0xd0 ./src/write.o
                0x000014d0                write
 .text.CLOCK_SetEr32kClock
                0x000015a0       0x34 ./drivers/fsl_clock.o
 .text.CLOCK_SetPllFllSelClock
                0x000015d4       0x38 ./drivers/fsl_clock.o
 .text.CLOCK_GetMcgExtClkFreq
                0x0000160c       0x28 ./drivers/fsl_clock.o
 .text.CLOCK_GetFllExtRefClkFreq
                0x00001634       0xa4 ./drivers/fsl_clock.o
 .text.CLOCK_GetFllRefClkFreq
                0x000016d8       0x2c ./drivers/fsl_clock.o
 .text.CLOCK_GetOscRangeFromFreq
                0x00001704       0x4c ./drivers/fsl_clock.o
 .text.CLOCK_GetPllFllSelClkFreq
                0x00001750       0x4c ./drivers/fsl_clock.o
                0x00001750                CLOCK_GetPllFllSelClkFreq
 .text.CLOCK_SetSimConfig
                0x0000179c       0x38 ./drivers/fsl_clock.o
                0x0000179c                CLOCK_SetSimConfig
 .text.CLOCK_GetFllFreq
                0x000017d4       0x84 ./drivers/fsl_clock.o
                0x000017d4                CLOCK_GetFllFreq
 .text.CLOCK_GetPll0Freq
                0x00001858       0x70 ./drivers/fsl_clock.o
                0x00001858                CLOCK_GetPll0Freq
 .text.CLOCK_SetInternalRefClkConfig
                0x000018c8      0x128 ./drivers/fsl_clock.o
                0x000018c8                CLOCK_SetInternalRefClkConfig
 .text.CLOCK_EnablePll0
                0x000019f0       0x90 ./drivers/fsl_clock.o
                0x000019f0                CLOCK_EnablePll0
 .text.CLOCK_InitOsc0
                0x00001a80       0x94 ./drivers/fsl_clock.o
                0x00001a80                CLOCK_InitOsc0
 .text.CLOCK_SetPbeMode
                0x00001b14       0xb0 ./drivers/fsl_clock.o
                0x00001b14                CLOCK_SetPbeMode
 .text.CLOCK_BootToPeeMode
                0x00001bc4       0x70 ./drivers/fsl_clock.o
                0x00001bc4                CLOCK_BootToPeeMode
 .text.__assertion_failed
                0x00001c34       0x1c ./drivers/fsl_common.o
                0x00001c34                __assertion_failed
 .text.CLOCK_EnableClock
                0x00001c50       0x34 ./drivers/fsl_lpsci.o
 .text.LPSCI_GetInstance
                0x00001c84       0x48 ./drivers/fsl_lpsci.o
                0x00001c84                LPSCI_GetInstance
 .text.LPSCI_Init
                0x00001ccc      0x260 ./drivers/fsl_lpsci.o
                0x00001ccc                LPSCI_Init
 .text.LPSCI_GetDefaultConfig
                0x00001f2c       0x44 ./drivers/fsl_lpsci.o
                0x00001f2c                LPSCI_GetDefaultConfig
 .text.LPSCI_ClearStatusFlags
                0x00001f70       0x94 ./drivers/fsl_lpsci.o
                0x00001f70                LPSCI_ClearStatusFlags
 .text.LPSCI_WriteBlocking
                0x00002004       0x4c ./drivers/fsl_lpsci.o
                0x00002004                LPSCI_WriteBlocking
 .text.LPSCI_ReadBlocking
                0x00002050       0xc0 ./drivers/fsl_lpsci.o
                0x00002050                LPSCI_ReadBlocking
 .text.UART0_DriverIRQHandler
                0x00002110       0x24 ./drivers/fsl_lpsci.o
                0x00002110                UART0_DriverIRQHandler
 .text.CLOCK_EnableClock
                0x00002134       0x34 ./drivers/fsl_uart.o
 .text.UART_GetInstance
                0x00002168       0x54 ./drivers/fsl_uart.o
                0x00002168                UART_GetInstance
 .text.UART_Init
                0x000021bc      0x1e8 ./drivers/fsl_uart.o
                0x000021bc                UART_Init
 .text.UART_GetDefaultConfig
                0x000023a4       0x44 ./drivers/fsl_uart.o
                0x000023a4                UART_GetDefaultConfig
 .text.UART_ReadBlocking
                0x000023e8       0x98 ./drivers/fsl_uart.o
                0x000023e8                UART_ReadBlocking
 .text.UART1_DriverIRQHandler
                0x00002480       0x24 ./drivers/fsl_uart.o
                0x00002480                UART1_DriverIRQHandler
 .text.UART2_DriverIRQHandler
                0x000024a4       0x24 ./drivers/fsl_uart.o
                0x000024a4                UART2_DriverIRQHandler
 .text.CLOCK_SetLpsci0Clock
                0x000024c8       0x38 ./board/board.o
 .text.BOARD_InitDebugConsole
                0x00002500       0x30 ./board/board.o
                0x00002500                BOARD_InitDebugConsole
 .text.CLOCK_SetSimSafeDivs
                0x00002530       0x20 ./board/clock_config.o
 .text.CLOCK_SetXtal0Freq
                0x00002550       0x1c ./board/clock_config.o
 .text.CLOCK_CONFIG_SetFllExtRefDiv
                0x0000256c       0x3c ./board/clock_config.o
 .text.BOARD_BootClockRUN
                0x000025a8       0x64 ./board/clock_config.o
                0x000025a8                BOARD_BootClockRUN
 .text.CLOCK_EnableClock
                0x0000260c       0x34 ./board/pin_mux.o
 .text.PORT_SetPinMux
                0x00002640       0x40 ./board/pin_mux.o
 .text.BOARD_InitPins
                0x00002680       0x4c ./board/pin_mux.o
                0x00002680                BOARD_InitPins
 .text.SystemInit
                0x000026cc       0x18 ./CMSIS/system_MKL25Z4.o
                0x000026cc                SystemInit
 .text.malloc   0x000026e4       0xcc c:/nxp/mcuxpressoide_10.3.0_2200/ide/plugins/com.nxp.mcuxpresso.tools.win32_10.3.0.201811011841/tools/bin/../lib/gcc/arm-none-eabi/7.3.1/../../../../arm-none-eabi/lib/thumb/v6-m\libcr_c.a(alloc.o)
                0x000026e4                malloc
 .text._initio  0x000027b0       0x7c c:/nxp/mcuxpressoide_10.3.0_2200/ide/plugins/com.nxp.mcuxpresso.tools.win32_10.3.0.201811011841/tools/bin/../lib/gcc/arm-none-eabi/7.3.1/../../../../arm-none-eabi/lib/thumb/v6-m\libcr_c.a(initio.o)
                0x000027b0                _initio
 .text.setvbuf  0x0000282c       0x48 c:/nxp/mcuxpressoide_10.3.0_2200/ide/plugins/com.nxp.mcuxpresso.tools.win32_10.3.0.201811011841/tools/bin/../lib/gcc/arm-none-eabi/7.3.1/../../../../arm-none-eabi/lib/thumb/v6-m\libcr_c.a(setvbuf.o)
                0x0000282c                setvbuf
 .text.strlen   0x00002874       0x58 c:/nxp/mcuxpressoide_10.3.0_2200/ide/plugins/com.nxp.mcuxpresso.tools.win32_10.3.0.201811011841/tools/bin/../lib/gcc/arm-none-eabi/7.3.1/../../../../arm-none-eabi/lib/thumb/v6-m\libcr_c.a(strlen.o)
                0x00002874                strlen
 .text.strncmp  0x000028cc       0x54 c:/nxp/mcuxpressoide_10.3.0_2200/ide/plugins/com.nxp.mcuxpresso.tools.win32_10.3.0.201811011841/tools/bin/../lib/gcc/arm-none-eabi/7.3.1/../../../../arm-none-eabi/lib/thumb/v6-m\libcr_c.a(strncmp.o)
                0x000028cc                strncmp
 .text._sbrk    0x00002920       0x40 c:/nxp/mcuxpressoide_10.3.0_2200/ide/plugins/com.nxp.mcuxpresso.tools.win32_10.3.0.201811011841/tools/bin/../lib/gcc/arm-none-eabi/7.3.1/../../../../arm-none-eabi/lib/thumb/v6-m\libcr_c.a(_cr_sbrk.o)
                0x00002920                _sbrk
 .text._fdopen  0x00002960       0x74 c:/nxp/mcuxpressoide_10.3.0_2200/ide/plugins/com.nxp.mcuxpresso.tools.win32_10.3.0.201811011841/tools/bin/../lib/gcc/arm-none-eabi/7.3.1/../../../../arm-none-eabi/lib/thumb/v6-m\libcr_c.a(_fdopen.o)
                0x00002960                _fdopen
 .text.fclose   0x000029d4       0x5c c:/nxp/mcuxpressoide_10.3.0_2200/ide/plugins/com.nxp.mcuxpresso.tools.win32_10.3.0.201811011841/tools/bin/../lib/gcc/arm-none-eabi/7.3.1/../../../../arm-none-eabi/lib/thumb/v6-m\libcr_c.a(fclose.o)
                0x000029d4                fclose
 .text.fflush   0x00002a30       0x44 c:/nxp/mcuxpressoide_10.3.0_2200/ide/plugins/com.nxp.mcuxpresso.tools.win32_10.3.0.201811011841/tools/bin/../lib/gcc/arm-none-eabi/7.3.1/../../../../arm-none-eabi/lib/thumb/v6-m\libcr_c.a(fflush.o)
                0x00002a30                fflush
 .text.fseek    0x00002a74       0xf0 c:/nxp/mcuxpressoide_10.3.0_2200/ide/plugins/com.nxp.mcuxpresso.tools.win32_10.3.0.201811011841/tools/bin/../lib/gcc/arm-none-eabi/7.3.1/../../../../arm-none-eabi/lib/thumb/v6-m\libcr_c.a(fseek.o)
                0x00002a74                fseek
 .text.ftell    0x00002b64       0x48 c:/nxp/mcuxpressoide_10.3.0_2200/ide/plugins/com.nxp.mcuxpresso.tools.win32_10.3.0.201811011841/tools/bin/../lib/gcc/arm-none-eabi/7.3.1/../../../../arm-none-eabi/lib/thumb/v6-m\libcr_c.a(ftell.o)
                0x00002b64                ftell
 .text.__check_heap_overflow
                0x00002bac       0x14 c:/nxp/mcuxpressoide_10.3.0_2200/ide/plugins/com.nxp.mcuxpresso.tools.win32_10.3.0.201811011841/tools/bin/../lib/gcc/arm-none-eabi/7.3.1/../../../../arm-none-eabi/lib/thumb/v6-m\libcr_c.a(_cr_check_heap.o)
                0x00002bac                __check_heap_overflow
 .text._do_fflush
                0x00002bc0       0x44 c:/nxp/mcuxpressoide_10.3.0_2200/ide/plugins/com.nxp.mcuxpresso.tools.win32_10.3.0.201811011841/tools/bin/../lib/gcc/arm-none-eabi/7.3.1/../../../../arm-none-eabi/lib/thumb/v6-m\libcr_c.a(_do_fflush.o)
                0x00002bc0                _do_fflush
 .text._fflush  0x00002c04       0x5c c:/nxp/mcuxpressoide_10.3.0_2200/ide/plugins/com.nxp.mcuxpresso.tools.win32_10.3.0.201811011841/tools/bin/../lib/gcc/arm-none-eabi/7.3.1/../../../../arm-none-eabi/lib/thumb/v6-m\libcr_c.a(_fflush.o)
                0x00002c04                _fflush
 .text._Cwritebuf
                0x00002c60       0x68 c:/nxp/mcuxpressoide_10.3.0_2200/ide/plugins/com.nxp.mcuxpresso.tools.win32_10.3.0.201811011841/tools/bin/../lib/gcc/arm-none-eabi/7.3.1/../../../../arm-none-eabi/lib/thumb/v6-m\libcr_c.a(_writebuf.o)
                0x00002c60                _Cwritebuf
 .text._deferredlazyseek
                0x00002cc8       0x40 c:/nxp/mcuxpressoide_10.3.0_2200/ide/plugins/com.nxp.mcuxpresso.tools.win32_10.3.0.201811011841/tools/bin/../lib/gcc/arm-none-eabi/7.3.1/../../../../arm-none-eabi/lib/thumb/v6-m\libcr_c.a(_deferredlazyseek.o)
                0x00002cc8                _deferredlazyseek
 .text.UART_EnableTx
                0x00002d08       0x40 ./utilities/fsl_debug_console.o
 .text.UART_EnableRx
                0x00002d48       0x40 ./utilities/fsl_debug_console.o
 .text.LPSCI_EnableTx
                0x00002d88       0x40 ./utilities/fsl_debug_console.o
 .text.LPSCI_EnableRx
                0x00002dc8       0x40 ./utilities/fsl_debug_console.o
 .text.DbgConsole_ScanIgnoreWhiteSpace
                0x00002e08       0x8a ./utilities/fsl_debug_console.o
 .text.DbgConsole_PrintfPaddingCharacter
                0x00002e92       0x46 ./utilities/fsl_debug_console.o
 .text.DbgConsole_ConvertRadixNumToString
                0x00002ed8      0x114 ./utilities/fsl_debug_console.o
 .text.DbgConsole_PrintfFormattedData
                0x00002fec      0x32c ./utilities/fsl_debug_console.o
 .text.sanitize_input
                0x00003318       0x5c ./src/main.o
                0x00003318                sanitize_input
 .text.OSC_SetExtRefClkConfig
                0x00003374       0x3e ./drivers/fsl_clock.o
 .text.OSC_SetCapLoad
                0x000033b2       0x42 ./drivers/fsl_clock.o
 .text.CLOCK_GetPll0RefFreq
                0x000033f4       0x10 ./drivers/fsl_clock.o
 .text.CLOCK_SetExternalRefClkConfig
                0x00003404       0x16 ./drivers/fsl_clock.o
                0x00003404                CLOCK_SetExternalRefClkConfig
 .text.LPSCI_GetStatusFlags
                0x0000341a       0x26 ./drivers/fsl_lpsci.o
                0x0000341a                LPSCI_GetStatusFlags
 .text.UART_GetStatusFlags
                0x00003440       0x26 ./drivers/fsl_uart.o
                0x00003440                UART_GetStatusFlags
 .text.UART_WriteBlocking
                0x00003466       0x3a ./drivers/fsl_uart.o
                0x00003466                UART_WriteBlocking
 .text.__main   0x000034a0        0xc c:/nxp/mcuxpressoide_10.3.0_2200/ide/plugins/com.nxp.mcuxpresso.tools.win32_10.3.0.201811011841/tools/bin/../lib/gcc/arm-none-eabi/7.3.1/../../../../arm-none-eabi/lib/thumb/v6-m\libcr_nohost_nf.a(_cr__main.o)
                0x000034a0                __main
 .text.memcpy   0x000034ac        0x8 c:/nxp/mcuxpressoide_10.3.0_2200/ide/plugins/com.nxp.mcuxpresso.tools.win32_10.3.0.201811011841/tools/bin/../lib/gcc/arm-none-eabi/7.3.1/../../../../arm-none-eabi/lib/thumb/v6-m\libcr_c.a(memcpy.o)
                0x000034ac                memcpy
 .text.memset   0x000034b4        0x8 c:/nxp/mcuxpressoide_10.3.0_2200/ide/plugins/com.nxp.mcuxpresso.tools.win32_10.3.0.201811011841/tools/bin/../lib/gcc/arm-none-eabi/7.3.1/../../../../arm-none-eabi/lib/thumb/v6-m\libcr_c.a(memset.o)
                0x000034b4                memset
 .text.free     0x000034bc       0x2c c:/nxp/mcuxpressoide_10.3.0_2200/ide/plugins/com.nxp.mcuxpresso.tools.win32_10.3.0.201811011841/tools/bin/../lib/gcc/arm-none-eabi/7.3.1/../../../../arm-none-eabi/lib/thumb/v6-m\libcr_c.a(alloc.o)
                0x000034bc                free
 .text.calloc   0x000034e8       0x50 c:/nxp/mcuxpressoide_10.3.0_2200/ide/plugins/com.nxp.mcuxpresso.tools.win32_10.3.0.201811011841/tools/bin/../lib/gcc/arm-none-eabi/7.3.1/../../../../arm-none-eabi/lib/thumb/v6-m\libcr_c.a(alloc.o)
                0x000034e8                calloc
 .text.realloc  0x00003538       0x26 c:/nxp/mcuxpressoide_10.3.0_2200/ide/plugins/com.nxp.mcuxpresso.tools.win32_10.3.0.201811011841/tools/bin/../lib/gcc/arm-none-eabi/7.3.1/../../../../arm-none-eabi/lib/thumb/v6-m\libcr_c.a(alloc.o)
                0x00003538                realloc
 .text.remove   0x0000355e       0x12 c:/nxp/mcuxpressoide_10.3.0_2200/ide/plugins/com.nxp.mcuxpresso.tools.win32_10.3.0.201811011841/tools/bin/../lib/gcc/arm-none-eabi/7.3.1/../../../../arm-none-eabi/lib/thumb/v6-m\libcr_c.a(remove.o)
                0x0000355e                remove
 .text.__aeabi_division_idivmod
                0x00003570       0x78 c:/nxp/mcuxpressoide_10.3.0_2200/ide/plugins/com.nxp.mcuxpresso.tools.win32_10.3.0.201811011841/tools/bin/../lib/gcc/arm-none-eabi/7.3.1/thumb/v6-m\libcr_eabihelpers.a(division_32.o)
                0x00003570                __aeabi_idivmod
                0x00003570                __aeabi_idiv
                0x00003576                __aeabi_uidivmod
                0x00003576                __aeabi_uidiv
 .text.__aeabi_division_idiv0
                0x000035e8        0x2 c:/nxp/mcuxpressoide_10.3.0_2200/ide/plugins/com.nxp.mcuxpresso.tools.win32_10.3.0.201811011841/tools/bin/../lib/gcc/arm-none-eabi/7.3.1/thumb/v6-m\libcr_eabihelpers.a(division_idiv0.o)
                0x000035e8                __aeabi_idiv0
 .text.__aeabi_memcpy
                0x000035ea       0x2c c:/nxp/mcuxpressoide_10.3.0_2200/ide/plugins/com.nxp.mcuxpresso.tools.win32_10.3.0.201811011841/tools/bin/../lib/gcc/arm-none-eabi/7.3.1/thumb/v6-m\libcr_eabihelpers.a(memcpy.o)
                0x000035ea                __aeabi_memcpy4
                0x000035ea                __aeabi_memcpy8
                0x000035ea                __aeabi_memcpy
 .text.__aeabi_memset_lowlevel
                0x00003616       0x2a c:/nxp/mcuxpressoide_10.3.0_2200/ide/plugins/com.nxp.mcuxpresso.tools.win32_10.3.0.201811011841/tools/bin/../lib/gcc/arm-none-eabi/7.3.1/thumb/v6-m\libcr_eabihelpers.a(memcpy.o)
                0x00003616                __aeabi_lowlevel_memset
 .text.__sys_close
                0x00003640        0x6 c:/nxp/mcuxpressoide_10.3.0_2200/ide/plugins/com.nxp.mcuxpresso.tools.win32_10.3.0.201811011841/tools/bin/../lib/gcc/arm-none-eabi/7.3.1/../../../../arm-none-eabi/lib/thumb/v6-m\libcr_nohost_nf.a(__sys_close.o)
                0x00003640                __sys_close
 .text.__sys_flen
                0x00003646        0x6 c:/nxp/mcuxpressoide_10.3.0_2200/ide/plugins/com.nxp.mcuxpresso.tools.win32_10.3.0.201811011841/tools/bin/../lib/gcc/arm-none-eabi/7.3.1/../../../../arm-none-eabi/lib/thumb/v6-m\libcr_nohost_nf.a(__sys_flen.o)
                0x00003646                __sys_flen
 .text.__sys_istty
                0x0000364c        0x6 c:/nxp/mcuxpressoide_10.3.0_2200/ide/plugins/com.nxp.mcuxpresso.tools.win32_10.3.0.201811011841/tools/bin/../lib/gcc/arm-none-eabi/7.3.1/../../../../arm-none-eabi/lib/thumb/v6-m\libcr_nohost_nf.a(__sys_istty.o)
                0x0000364c                __sys_istty
 .text.__sys_remove
                0x00003652        0x6 c:/nxp/mcuxpressoide_10.3.0_2200/ide/plugins/com.nxp.mcuxpresso.tools.win32_10.3.0.201811011841/tools/bin/../lib/gcc/arm-none-eabi/7.3.1/../../../../arm-none-eabi/lib/thumb/v6-m\libcr_nohost_nf.a(__sys_remove.o)
                0x00003652                __sys_remove
 .text.__sys_seek
                0x00003658        0x6 c:/nxp/mcuxpressoide_10.3.0_2200/ide/plugins/com.nxp.mcuxpresso.tools.win32_10.3.0.201811011841/tools/bin/../lib/gcc/arm-none-eabi/7.3.1/../../../../arm-none-eabi/lib/thumb/v6-m\libcr_nohost_nf.a(__sys_seek.o)
                0x00003658                __sys_seek
 .text.__sys_tmpnam
                0x0000365e        0x6 c:/nxp/mcuxpressoide_10.3.0_2200/ide/plugins/com.nxp.mcuxpresso.tools.win32_10.3.0.201811011841/tools/bin/../lib/gcc/arm-none-eabi/7.3.1/../../../../arm-none-eabi/lib/thumb/v6-m\libcr_nohost_nf.a(__sys_tmpnam.o)
                0x0000365e                __sys_tmpnam
 *(SORT_BY_ALIGNMENT(.rodata) SORT_BY_ALIGNMENT(.rodata.*) SORT_BY_ALIGNMENT(.constdata) SORT_BY_ALIGNMENT(.constdata.*))
 .rodata.DbgConsole_ScanfFormattedData
                0x00003664      0x124 ./utilities/fsl_debug_console.o
 .rodata        0x00003788       0xa6 ./src/allocate.o
 *fill*         0x0000382e        0x2 ff
 .rodata        0x00003830       0x32 ./src/display.o
 *fill*         0x00003862        0x2 ff
 .rodata        0x00003864        0xd ./src/exit_pgm.o
 *fill*         0x00003871        0x3 ff
 .rodata        0x00003874        0xf ./src/free_mem.o
 *fill*         0x00003883        0x1 ff
 .rodata        0x00003884      0x26e ./src/help.o
 *fill*         0x00003af2        0x2 ff
 .rodata        0x00003af4       0xfe ./src/invert.o
 *fill*         0x00003bf2        0x2 ff
 .rodata        0x00003bf4      0x135 ./src/main.o
 *fill*         0x00003d29        0x3 ff
 .rodata.cmd    0x00003d2c       0xb8 ./src/main.o
 .rodata        0x00003de4      0x132 ./src/pattern.o
 *fill*         0x00003f16        0x2 ff
 .rodata        0x00003f18      0x13b ./src/verify.o
 *fill*         0x00004053        0x1 ff
 .rodata        0x00004054       0xea ./src/write.o
 *fill*         0x0000413e        0x2 ff
 .rodata        0x00004140      0x11d ./drivers/fsl_clock.o
 *fill*         0x0000425d        0x3 ff
 .rodata.fllFactorTable.5188
                0x00004260       0x10 ./drivers/fsl_clock.o
 .rodata        0x00004270        0x4 ./drivers/fsl_common.o
 .rodata        0x00004274      0x48c ./drivers/fsl_lpsci.o
 .rodata.s_uartBases
                0x00004700        0xc ./drivers/fsl_uart.o
 .rodata.s_uartClock
                0x0000470c        0xc ./drivers/fsl_uart.o
 .rodata        0x00004718      0x45b ./drivers/fsl_uart.o
 *fill*         0x00004b73        0x1 ff
 .rodata.mcgConfig_BOARD_BootClockRUN
                0x00004b74        0xa ./board/clock_config.o
                0x00004b74                mcgConfig_BOARD_BootClockRUN
 *fill*         0x00004b7e        0x2 ff
 .rodata.simConfig_BOARD_BootClockRUN
                0x00004b80        0x8 ./board/clock_config.o
                0x00004b80                simConfig_BOARD_BootClockRUN
 .rodata.oscConfig_BOARD_BootClockRUN
                0x00004b88        0x8 ./board/clock_config.o
                0x00004b88                oscConfig_BOARD_BootClockRUN
 .rodata.__num_Ciob_streams
                0x00004b90        0x4 c:/nxp/mcuxpressoide_10.3.0_2200/ide/plugins/com.nxp.mcuxpresso.tools.win32_10.3.0.201811011841/tools/bin/../lib/gcc/arm-none-eabi/7.3.1/../../../../arm-none-eabi/lib/thumb/v6-m\libcr_nohost_nf.a(__ciob.o)
                0x00004b90                __num_Ciob_streams
 .rodata._initio.str1.1
                0x00004b94        0x4 c:/nxp/mcuxpressoide_10.3.0_2200/ide/plugins/com.nxp.mcuxpresso.tools.win32_10.3.0.201811011841/tools/bin/../lib/gcc/arm-none-eabi/7.3.1/../../../../arm-none-eabi/lib/thumb/v6-m\libcr_c.a(initio.o)
                0x00004b98                . = ALIGN (0x4)

.glue_7         0x00004b98        0x0
 .glue_7        0x00004b98        0x0 linker stubs

.glue_7t        0x00004b98        0x0
 .glue_7t       0x00004b98        0x0 linker stubs

.vfp11_veneer   0x00004b98        0x0
 .vfp11_veneer  0x00004b98        0x0 linker stubs

.v4_bx          0x00004b98        0x0
 .v4_bx         0x00004b98        0x0 linker stubs

.iplt           0x00004b98        0x0
 .iplt          0x00004b98        0x0 ./utilities/fsl_debug_console.o

.rel.dyn        0x00004b98        0x0
 .rel.iplt      0x00004b98        0x0 ./utilities/fsl_debug_console.o

.ARM.extab
 *(SORT_BY_ALIGNMENT(.ARM.extab*) SORT_BY_ALIGNMENT(.gnu.linkonce.armextab.*))
                0x00004b98                __exidx_start = .

.ARM.exidx
 *(SORT_BY_ALIGNMENT(.ARM.exidx*) SORT_BY_ALIGNMENT(.gnu.linkonce.armexidx.*))
                0x00004b98                __exidx_end = .
                0x00004b98                _etext = .

.m_usb_data
 *(SORT_BY_ALIGNMENT(m_usb_bdt))

.mtb_buffer_default
                0x1ffff000       0x80
 *(SORT_BY_ALIGNMENT(.mtb*))
 .mtb.$RAM1     0x1ffff000       0x80 ./src/mtb.o
                0x1ffff000                __mtb_buffer__

.uninit_RESERVED
                0x1ffff080        0x0
 *(SORT_BY_ALIGNMENT(.bss.$RESERVED*))
                0x1ffff080                . = ALIGN (0x4)
                0x1ffff080                _end_uninit_RESERVED = .

.data           0x1ffff080        0x8 load address 0x00004b98
 FILL mask 0xff
                0x1ffff080                _data = .
 *(SORT_BY_ALIGNMENT(vtable))
 *(SORT_BY_ALIGNMENT(.ramfunc*))
 *(SORT_BY_ALIGNMENT(.data*))
 .data.s_slowIrcFreq
                0x1ffff080        0x4 ./drivers/fsl_clock.o
 .data.SystemCoreClock
                0x1ffff084        0x4 ./CMSIS/system_MKL25Z4.o
                0x1ffff084                SystemCoreClock
                0x1ffff088                . = ALIGN (0x4)
                0x1ffff088                _edata = .

.igot.plt       0x1ffff088        0x0 load address 0x00004ba0
 .igot.plt      0x1ffff088        0x0 ./utilities/fsl_debug_console.o

.bss            0x1ffff088      0x100 load address 0x00004ba0
                0x1ffff088                _bss = .
 *(SORT_BY_ALIGNMENT(.bss*))
 .bss.s_debugConsole
                0x1ffff088       0x10 ./utilities/fsl_debug_console.o
 .bss.ptr       0x1ffff098        0x4 ./src/allocate.o
                0x1ffff098                ptr
 .bss.len       0x1ffff09c        0x4 ./src/allocate.o
                0x1ffff09c                len
 .bss.t         0x1ffff0a0        0x4 ./src/main.o
                0x1ffff0a0                t
 .bss.clk       0x1ffff0a4        0x4 ./src/main.o
                0x1ffff0a4                clk
 .bss.g_xtal0Freq
                0x1ffff0a8        0x4 ./drivers/fsl_clock.o
                0x1ffff0a8                g_xtal0Freq
 .bss.s_lpsciHandle
                0x1ffff0ac        0x4 ./drivers/fsl_lpsci.o
 .bss.s_lpsciIsr
                0x1ffff0b0        0x4 ./drivers/fsl_lpsci.o
 .bss.s_uartHandle
                0x1ffff0b4        0xc ./drivers/fsl_uart.o
 .bss.s_uartIsr
                0x1ffff0c0        0x4 ./drivers/fsl_uart.o
 .bss.__end_of_heap
                0x1ffff0c4        0x4 c:/nxp/mcuxpressoide_10.3.0_2200/ide/plugins/com.nxp.mcuxpresso.tools.win32_10.3.0.201811011841/tools/bin/../lib/gcc/arm-none-eabi/7.3.1/../../../../arm-none-eabi/lib/thumb/v6-m\libcr_c.a(__init_alloc.o)
                0x1ffff0c4                __end_of_heap
 .bss.__heaps   0x1ffff0c8        0x4 c:/nxp/mcuxpressoide_10.3.0_2200/ide/plugins/com.nxp.mcuxpresso.tools.win32_10.3.0.201811011841/tools/bin/../lib/gcc/arm-none-eabi/7.3.1/../../../../arm-none-eabi/lib/thumb/v6-m\libcr_c.a(__init_alloc.o)
                0x1ffff0c8                __heaps
 .bss.errno     0x1ffff0cc        0x4 c:/nxp/mcuxpressoide_10.3.0_2200/ide/plugins/com.nxp.mcuxpresso.tools.win32_10.3.0.201811011841/tools/bin/../lib/gcc/arm-none-eabi/7.3.1/../../../../arm-none-eabi/lib/thumb/v6-m\libcr_c.a(errno.o)
                0x1ffff0cc                errno
 .bss.__Ciob    0x1ffff0d0       0xb4 c:/nxp/mcuxpressoide_10.3.0_2200/ide/plugins/com.nxp.mcuxpresso.tools.win32_10.3.0.201811011841/tools/bin/../lib/gcc/arm-none-eabi/7.3.1/../../../../arm-none-eabi/lib/thumb/v6-m\libcr_nohost_nf.a(__ciob.o)
                0x1ffff0d0                __Ciob
 .bss.stay      0x1ffff184        0x1 ./src/exit_pgm.o
                0x1ffff184                stay
 *(SORT_BY_ALIGNMENT(COMMON))
                0x1ffff188                . = ALIGN (0x4)
 *fill*         0x1ffff185        0x3 
                0x1ffff188                _ebss = .
                [!provide]                PROVIDE (end = .)

.noinit         0x1ffff188        0x0 load address 0x00004ba0
                0x1ffff188                _noinit = .
 *(SORT_BY_ALIGNMENT(.noinit*))
                0x1ffff188                . = ALIGN (0x4)
                0x1ffff188                _end_noinit = .
                0x00000400                _HeapSize = 0x400

.heap           0x1ffff188      0x400 load address 0x00004ba0
                0x1ffff188                _pvHeapStart = .
                0x1ffff588                . = (. + _HeapSize)
 *fill*         0x1ffff188      0x400 
                0x1ffff588                . = ALIGN (0x4)
                0x1ffff588                _pvHeapLimit = .
                0x00000400                _StackSize = 0x400

.heap2stackfill
                0x1ffff588      0x400 load address 0x00004ba0
                0x1ffff988                . = (. + _StackSize)
 *fill*         0x1ffff588      0x400 

.stack          0x20002c00        0x0
                0x20002c00                _vStackBase = .
                0x20002c00                . = ALIGN (0x4)
                0x20003000                _vStackTop = (. + _StackSize)
                0x00000000                _image_start = LOADADDR (.text)
                0x00004ba0                _image_end = (LOADADDR (.data) + SIZEOF (.data))
                0x00004ba0                _image_size = (_image_end - _image_start)
OUTPUT(ECEN5813Proj1.axf elf32-littlearm)

.debug_info     0x00000000     0x8ae8
 .debug_info    0x00000000      0xddd ./utilities/fsl_debug_console.o
 .debug_info    0x00000ddd      0x497 ./startup/startup_mkl25z4.o
 .debug_info    0x00001274      0x2a4 ./src/allocate.o
 .debug_info    0x00001518      0x130 ./src/display.o
 .debug_info    0x00001648      0x293 ./src/exit_pgm.o
 .debug_info    0x000018db      0x10e ./src/free_mem.o
 .debug_info    0x000019e9      0x10e ./src/help.o
 .debug_info    0x00001af7      0x164 ./src/invert.o
 .debug_info    0x00001c5b      0x9fb ./src/main.o
 .debug_info    0x00002656       0x4e ./src/mtb.o
 .debug_info    0x000026a4      0x17d ./src/pattern.o
 .debug_info    0x00002821      0x15d ./src/retarget_itm.o
 .debug_info    0x0000297e       0x37 ./src/semihost_hardfault.o
 .debug_info    0x000029b5      0x18b ./src/verify.o
 .debug_info    0x00002b40      0x12b ./src/write.o
 .debug_info    0x00002c6b     0x195e ./drivers/fsl_clock.o
 .debug_info    0x000045c9      0x41e ./drivers/fsl_common.o
 .debug_info    0x000049e7     0x1388 ./drivers/fsl_lpsci.o
 .debug_info    0x00005d6f     0x1332 ./drivers/fsl_uart.o
 .debug_info    0x000070a1      0x692 ./board/board.o
 .debug_info    0x00007733      0xa66 ./board/clock_config.o
 .debug_info    0x00008199      0x555 ./board/pin_mux.o
 .debug_info    0x000086ee      0x3fa ./CMSIS/system_MKL25Z4.o

.debug_abbrev   0x00000000     0x1f78
 .debug_abbrev  0x00000000      0x291 ./utilities/fsl_debug_console.o
 .debug_abbrev  0x00000291      0x16a ./startup/startup_mkl25z4.o
 .debug_abbrev  0x000003fb       0xd8 ./src/allocate.o
 .debug_abbrev  0x000004d3       0xb8 ./src/display.o
 .debug_abbrev  0x0000058b       0xc9 ./src/exit_pgm.o
 .debug_abbrev  0x00000654       0xa0 ./src/free_mem.o
 .debug_abbrev  0x000006f4       0xa0 ./src/help.o
 .debug_abbrev  0x00000794       0xb8 ./src/invert.o
 .debug_abbrev  0x0000084c      0x26d ./src/main.o
 .debug_abbrev  0x00000ab9       0x41 ./src/mtb.o
 .debug_abbrev  0x00000afa       0xc7 ./src/pattern.o
 .debug_abbrev  0x00000bc1       0xc9 ./src/retarget_itm.o
 .debug_abbrev  0x00000c8a       0x2c ./src/semihost_hardfault.o
 .debug_abbrev  0x00000cb6       0xc7 ./src/verify.o
 .debug_abbrev  0x00000d7d       0xbe ./src/write.o
 .debug_abbrev  0x00000e3b      0x326 ./drivers/fsl_clock.o
 .debug_abbrev  0x00001161      0x247 ./drivers/fsl_common.o
 .debug_abbrev  0x000013a8      0x2ca ./drivers/fsl_lpsci.o
 .debug_abbrev  0x00001672      0x2e2 ./drivers/fsl_uart.o
 .debug_abbrev  0x00001954      0x164 ./board/board.o
 .debug_abbrev  0x00001ab8      0x1f1 ./board/clock_config.o
 .debug_abbrev  0x00001ca9      0x196 ./board/pin_mux.o
 .debug_abbrev  0x00001e3f      0x139 ./CMSIS/system_MKL25Z4.o

.debug_aranges  0x00000000      0x8e8
 .debug_aranges
                0x00000000       0x90 ./utilities/fsl_debug_console.o
 .debug_aranges
                0x00000090      0x160 ./startup/startup_mkl25z4.o
 .debug_aranges
                0x000001f0       0x20 ./src/allocate.o
 .debug_aranges
                0x00000210       0x20 ./src/display.o
 .debug_aranges
                0x00000230       0x20 ./src/exit_pgm.o
 .debug_aranges
                0x00000250       0x20 ./src/free_mem.o
 .debug_aranges
                0x00000270       0x20 ./src/help.o
 .debug_aranges
                0x00000290       0x20 ./src/invert.o
 .debug_aranges
                0x000002b0       0x50 ./src/main.o
 .debug_aranges
                0x00000300       0x18 ./src/mtb.o
 .debug_aranges
                0x00000318       0x20 ./src/pattern.o
 .debug_aranges
                0x00000338       0x28 ./src/retarget_itm.o
 .debug_aranges
                0x00000360       0x20 ./src/semihost_hardfault.o
 .debug_aranges
                0x00000380       0x20 ./src/verify.o
 .debug_aranges
                0x000003a0       0x20 ./src/write.o
 .debug_aranges
                0x000003c0      0x1d8 ./drivers/fsl_clock.o
 .debug_aranges
                0x00000598       0x38 ./drivers/fsl_common.o
 .debug_aranges
                0x000005d0      0x118 ./drivers/fsl_lpsci.o
 .debug_aranges
                0x000006e8      0x130 ./drivers/fsl_uart.o
 .debug_aranges
                0x00000818       0x28 ./board/board.o
 .debug_aranges
                0x00000840       0x50 ./board/clock_config.o
 .debug_aranges
                0x00000890       0x30 ./board/pin_mux.o
 .debug_aranges
                0x000008c0       0x28 ./CMSIS/system_MKL25Z4.o

.debug_ranges   0x00000000      0x770
 .debug_ranges  0x00000000       0x80 ./utilities/fsl_debug_console.o
 .debug_ranges  0x00000080      0x150 ./startup/startup_mkl25z4.o
 .debug_ranges  0x000001d0       0x10 ./src/allocate.o
 .debug_ranges  0x000001e0       0x10 ./src/display.o
 .debug_ranges  0x000001f0       0x10 ./src/exit_pgm.o
 .debug_ranges  0x00000200       0x10 ./src/free_mem.o
 .debug_ranges  0x00000210       0x10 ./src/help.o
 .debug_ranges  0x00000220       0x10 ./src/invert.o
 .debug_ranges  0x00000230       0x40 ./src/main.o
 .debug_ranges  0x00000270       0x10 ./src/pattern.o
 .debug_ranges  0x00000280       0x18 ./src/retarget_itm.o
 .debug_ranges  0x00000298       0x10 ./src/semihost_hardfault.o
 .debug_ranges  0x000002a8       0x10 ./src/verify.o
 .debug_ranges  0x000002b8       0x10 ./src/write.o
 .debug_ranges  0x000002c8      0x1c8 ./drivers/fsl_clock.o
 .debug_ranges  0x00000490       0x28 ./drivers/fsl_common.o
 .debug_ranges  0x000004b8      0x108 ./drivers/fsl_lpsci.o
 .debug_ranges  0x000005c0      0x120 ./drivers/fsl_uart.o
 .debug_ranges  0x000006e0       0x18 ./board/board.o
 .debug_ranges  0x000006f8       0x40 ./board/clock_config.o
 .debug_ranges  0x00000738       0x20 ./board/pin_mux.o
 .debug_ranges  0x00000758       0x18 ./CMSIS/system_MKL25Z4.o

.debug_line     0x00000000     0x3ce1
 .debug_line    0x00000000      0x636 ./utilities/fsl_debug_console.o
 .debug_line    0x00000636      0x128 ./startup/startup_mkl25z4.o
 .debug_line    0x0000075e      0x1b9 ./src/allocate.o
 .debug_line    0x00000917      0x1ac ./src/display.o
 .debug_line    0x00000ac3      0x1b7 ./src/exit_pgm.o
 .debug_line    0x00000c7a      0x19b ./src/free_mem.o
 .debug_line    0x00000e15      0x19c ./src/help.o
 .debug_line    0x00000fb1      0x1cd ./src/invert.o
 .debug_line    0x0000117e      0x2dd ./src/main.o
 .debug_line    0x0000145b       0x2d ./src/mtb.o
 .debug_line    0x00001488      0x1ee ./src/pattern.o
 .debug_line    0x00001676      0x193 ./src/retarget_itm.o
 .debug_line    0x00001809       0x51 ./src/semihost_hardfault.o
 .debug_line    0x0000185a      0x1d8 ./src/verify.o
 .debug_line    0x00001a32      0x1ac ./src/write.o
 .debug_line    0x00001bde      0x938 ./drivers/fsl_clock.o
 .debug_line    0x00002516      0x246 ./drivers/fsl_common.o
 .debug_line    0x0000275c      0x6eb ./drivers/fsl_lpsci.o
 .debug_line    0x00002e47      0x6ee ./drivers/fsl_uart.o
 .debug_line    0x00003535      0x1bb ./board/board.o
 .debug_line    0x000036f0      0x255 ./board/clock_config.o
 .debug_line    0x00003945      0x1d3 ./board/pin_mux.o
 .debug_line    0x00003b18      0x1c9 ./CMSIS/system_MKL25Z4.o

.debug_str      0x00000000     0x3cad
 .debug_str     0x00000000      0xcdb ./utilities/fsl_debug_console.o
                                0xd5a (size before relaxing)
 .debug_str     0x00000cdb      0x394 ./startup/startup_mkl25z4.o
                                0x4bf (size before relaxing)
 .debug_str     0x0000106f       0x21 ./src/allocate.o
                                0x696 (size before relaxing)
 .debug_str     0x00001090       0x19 ./src/display.o
                                0x219 (size before relaxing)
 .debug_str     0x000010a9       0x20 ./src/exit_pgm.o
                                0x695 (size before relaxing)
 .debug_str     0x000010c9       0x1b ./src/free_mem.o
                                0x214 (size before relaxing)
 .debug_str     0x000010e4       0x13 ./src/help.o
                                0x20c (size before relaxing)
 .debug_str     0x000010f7       0x17 ./src/invert.o
                                0x217 (size before relaxing)
 .debug_str     0x0000110e      0x618 ./src/main.o
                                0xcdb (size before relaxing)
 .debug_str     0x00001726       0x1c ./src/mtb.o
                                0x146 (size before relaxing)
 .debug_str     0x00001742       0x28 ./src/pattern.o
                                0x228 (size before relaxing)
 .debug_str     0x0000176a       0x58 ./src/retarget_itm.o
                                0x23d (size before relaxing)
 .debug_str     0x000017c2       0x1c ./src/semihost_hardfault.o
                                0x146 (size before relaxing)
 .debug_str     0x000017de       0x17 ./src/verify.o
                                0x226 (size before relaxing)
 .debug_str     0x000017f5       0x16 ./src/write.o
                                0x215 (size before relaxing)
 .debug_str     0x0000180b      0xde5 ./drivers/fsl_clock.o
                               0x17ea (size before relaxing)
 .debug_str     0x000025f0      0x113 ./drivers/fsl_common.o
                                0x50c (size before relaxing)
 .debug_str     0x00002703      0x97f ./drivers/fsl_lpsci.o
                               0x15b2 (size before relaxing)
 .debug_str     0x00003082      0x819 ./drivers/fsl_uart.o
                               0x15be (size before relaxing)
 .debug_str     0x0000389b       0x4c ./board/board.o
                                0x693 (size before relaxing)
 .debug_str     0x000038e7      0x222 ./board/clock_config.o
                                0xdbc (size before relaxing)
 .debug_str     0x00003b09      0x155 ./board/pin_mux.o
                                0x5c7 (size before relaxing)
 .debug_str     0x00003c5e       0x4f ./CMSIS/system_MKL25Z4.o
                                0x32b (size before relaxing)

.comment        0x00000000       0x7f
 .comment       0x00000000       0x7f ./utilities/fsl_debug_console.o
                                 0x80 (size before relaxing)
 .comment       0x0000007f       0x80 ./startup/startup_mkl25z4.o
 .comment       0x0000007f       0x80 ./src/allocate.o
 .comment       0x0000007f       0x80 ./src/display.o
 .comment       0x0000007f       0x80 ./src/exit_pgm.o
 .comment       0x0000007f       0x80 ./src/free_mem.o
 .comment       0x0000007f       0x80 ./src/help.o
 .comment       0x0000007f       0x80 ./src/invert.o
 .comment       0x0000007f       0x80 ./src/main.o
 .comment       0x0000007f       0x80 ./src/mtb.o
 .comment       0x0000007f       0x80 ./src/pattern.o
 .comment       0x0000007f       0x80 ./src/retarget_itm.o
 .comment       0x0000007f       0x80 ./src/semihost_hardfault.o
 .comment       0x0000007f       0x80 ./src/verify.o
 .comment       0x0000007f       0x80 ./src/write.o
 .comment       0x0000007f       0x80 ./drivers/fsl_clock.o
 .comment       0x0000007f       0x80 ./drivers/fsl_common.o
 .comment       0x0000007f       0x80 ./drivers/fsl_lpsci.o
 .comment       0x0000007f       0x80 ./drivers/fsl_uart.o
 .comment       0x0000007f       0x80 ./board/board.o
 .comment       0x0000007f       0x80 ./board/clock_config.o
 .comment       0x0000007f       0x80 ./board/pin_mux.o
 .comment       0x0000007f       0x80 ./CMSIS/system_MKL25Z4.o
 .comment       0x0000007f       0x80 c:/nxp/mcuxpressoide_10.3.0_2200/ide/plugins/com.nxp.mcuxpresso.tools.win32_10.3.0.201811011841/tools/bin/../lib/gcc/arm-none-eabi/7.3.1/../../../../arm-none-eabi/lib/thumb/v6-m\libcr_nohost_nf.a(_cr__main.o)
 .comment       0x0000007f       0x80 c:/nxp/mcuxpressoide_10.3.0_2200/ide/plugins/com.nxp.mcuxpresso.tools.win32_10.3.0.201811011841/tools/bin/../lib/gcc/arm-none-eabi/7.3.1/../../../../arm-none-eabi/lib/thumb/v6-m\libcr_c.a(memcpy.o)
 .comment       0x0000007f       0x80 c:/nxp/mcuxpressoide_10.3.0_2200/ide/plugins/com.nxp.mcuxpresso.tools.win32_10.3.0.201811011841/tools/bin/../lib/gcc/arm-none-eabi/7.3.1/../../../../arm-none-eabi/lib/thumb/v6-m\libcr_c.a(memset.o)
 .comment       0x0000007f       0x80 c:/nxp/mcuxpressoide_10.3.0_2200/ide/plugins/com.nxp.mcuxpresso.tools.win32_10.3.0.201811011841/tools/bin/../lib/gcc/arm-none-eabi/7.3.1/../../../../arm-none-eabi/lib/thumb/v6-m\libcr_c.a(alloc.o)
 .comment       0x0000007f       0x80 c:/nxp/mcuxpressoide_10.3.0_2200/ide/plugins/com.nxp.mcuxpresso.tools.win32_10.3.0.201811011841/tools/bin/../lib/gcc/arm-none-eabi/7.3.1/../../../../arm-none-eabi/lib/thumb/v6-m\libcr_c.a(initio.o)
 .comment       0x0000007f       0x80 c:/nxp/mcuxpressoide_10.3.0_2200/ide/plugins/com.nxp.mcuxpresso.tools.win32_10.3.0.201811011841/tools/bin/../lib/gcc/arm-none-eabi/7.3.1/../../../../arm-none-eabi/lib/thumb/v6-m\libcr_c.a(setvbuf.o)
 .comment       0x0000007f       0x80 c:/nxp/mcuxpressoide_10.3.0_2200/ide/plugins/com.nxp.mcuxpresso.tools.win32_10.3.0.201811011841/tools/bin/../lib/gcc/arm-none-eabi/7.3.1/../../../../arm-none-eabi/lib/thumb/v6-m\libcr_c.a(strlen.o)
 .comment       0x0000007f       0x80 c:/nxp/mcuxpressoide_10.3.0_2200/ide/plugins/com.nxp.mcuxpresso.tools.win32_10.3.0.201811011841/tools/bin/../lib/gcc/arm-none-eabi/7.3.1/../../../../arm-none-eabi/lib/thumb/v6-m\libcr_c.a(strncmp.o)
 .comment       0x0000007f       0x80 c:/nxp/mcuxpressoide_10.3.0_2200/ide/plugins/com.nxp.mcuxpresso.tools.win32_10.3.0.201811011841/tools/bin/../lib/gcc/arm-none-eabi/7.3.1/../../../../arm-none-eabi/lib/thumb/v6-m\libcr_c.a(__init_alloc.o)
 .comment       0x0000007f       0x80 c:/nxp/mcuxpressoide_10.3.0_2200/ide/plugins/com.nxp.mcuxpresso.tools.win32_10.3.0.201811011841/tools/bin/../lib/gcc/arm-none-eabi/7.3.1/../../../../arm-none-eabi/lib/thumb/v6-m\libcr_c.a(_cr_sbrk.o)
 .comment       0x0000007f       0x80 c:/nxp/mcuxpressoide_10.3.0_2200/ide/plugins/com.nxp.mcuxpresso.tools.win32_10.3.0.201811011841/tools/bin/../lib/gcc/arm-none-eabi/7.3.1/../../../../arm-none-eabi/lib/thumb/v6-m\libcr_c.a(_fdopen.o)
 .comment       0x0000007f       0x80 c:/nxp/mcuxpressoide_10.3.0_2200/ide/plugins/com.nxp.mcuxpresso.tools.win32_10.3.0.201811011841/tools/bin/../lib/gcc/arm-none-eabi/7.3.1/../../../../arm-none-eabi/lib/thumb/v6-m\libcr_c.a(errno.o)
 .comment       0x0000007f       0x80 c:/nxp/mcuxpressoide_10.3.0_2200/ide/plugins/com.nxp.mcuxpresso.tools.win32_10.3.0.201811011841/tools/bin/../lib/gcc/arm-none-eabi/7.3.1/../../../../arm-none-eabi/lib/thumb/v6-m\libcr_c.a(fclose.o)
 .comment       0x0000007f       0x80 c:/nxp/mcuxpressoide_10.3.0_2200/ide/plugins/com.nxp.mcuxpresso.tools.win32_10.3.0.201811011841/tools/bin/../lib/gcc/arm-none-eabi/7.3.1/../../../../arm-none-eabi/lib/thumb/v6-m\libcr_c.a(fflush.o)
 .comment       0x0000007f       0x80 c:/nxp/mcuxpressoide_10.3.0_2200/ide/plugins/com.nxp.mcuxpresso.tools.win32_10.3.0.201811011841/tools/bin/../lib/gcc/arm-none-eabi/7.3.1/../../../../arm-none-eabi/lib/thumb/v6-m\libcr_c.a(fseek.o)
 .comment       0x0000007f       0x80 c:/nxp/mcuxpressoide_10.3.0_2200/ide/plugins/com.nxp.mcuxpresso.tools.win32_10.3.0.201811011841/tools/bin/../lib/gcc/arm-none-eabi/7.3.1/../../../../arm-none-eabi/lib/thumb/v6-m\libcr_c.a(ftell.o)
 .comment       0x0000007f       0x80 c:/nxp/mcuxpressoide_10.3.0_2200/ide/plugins/com.nxp.mcuxpresso.tools.win32_10.3.0.201811011841/tools/bin/../lib/gcc/arm-none-eabi/7.3.1/../../../../arm-none-eabi/lib/thumb/v6-m\libcr_c.a(remove.o)
 .comment       0x0000007f       0x80 c:/nxp/mcuxpressoide_10.3.0_2200/ide/plugins/com.nxp.mcuxpresso.tools.win32_10.3.0.201811011841/tools/bin/../lib/gcc/arm-none-eabi/7.3.1/../../../../arm-none-eabi/lib/thumb/v6-m\libcr_c.a(_cr_check_heap.o)
 .comment       0x0000007f       0x80 c:/nxp/mcuxpressoide_10.3.0_2200/ide/plugins/com.nxp.mcuxpresso.tools.win32_10.3.0.201811011841/tools/bin/../lib/gcc/arm-none-eabi/7.3.1/../../../../arm-none-eabi/lib/thumb/v6-m\libcr_c.a(_do_fflush.o)
 .comment       0x0000007f       0x80 c:/nxp/mcuxpressoide_10.3.0_2200/ide/plugins/com.nxp.mcuxpresso.tools.win32_10.3.0.201811011841/tools/bin/../lib/gcc/arm-none-eabi/7.3.1/../../../../arm-none-eabi/lib/thumb/v6-m\libcr_c.a(_fflush.o)
 .comment       0x0000007f       0x80 c:/nxp/mcuxpressoide_10.3.0_2200/ide/plugins/com.nxp.mcuxpresso.tools.win32_10.3.0.201811011841/tools/bin/../lib/gcc/arm-none-eabi/7.3.1/../../../../arm-none-eabi/lib/thumb/v6-m\libcr_c.a(_writebuf.o)
 .comment       0x0000007f       0x80 c:/nxp/mcuxpressoide_10.3.0_2200/ide/plugins/com.nxp.mcuxpresso.tools.win32_10.3.0.201811011841/tools/bin/../lib/gcc/arm-none-eabi/7.3.1/../../../../arm-none-eabi/lib/thumb/v6-m\libcr_c.a(_deferredlazyseek.o)
 .comment       0x0000007f       0x80 c:/nxp/mcuxpressoide_10.3.0_2200/ide/plugins/com.nxp.mcuxpresso.tools.win32_10.3.0.201811011841/tools/bin/../lib/gcc/arm-none-eabi/7.3.1/../../../../arm-none-eabi/lib/thumb/v6-m\libcr_nohost_nf.a(__ciob.o)
 .comment       0x0000007f       0x80 c:/nxp/mcuxpressoide_10.3.0_2200/ide/plugins/com.nxp.mcuxpresso.tools.win32_10.3.0.201811011841/tools/bin/../lib/gcc/arm-none-eabi/7.3.1/../../../../arm-none-eabi/lib/thumb/v6-m\libcr_nohost_nf.a(__sys_close.o)
 .comment       0x0000007f       0x80 c:/nxp/mcuxpressoide_10.3.0_2200/ide/plugins/com.nxp.mcuxpresso.tools.win32_10.3.0.201811011841/tools/bin/../lib/gcc/arm-none-eabi/7.3.1/../../../../arm-none-eabi/lib/thumb/v6-m\libcr_nohost_nf.a(__sys_flen.o)
 .comment       0x0000007f       0x80 c:/nxp/mcuxpressoide_10.3.0_2200/ide/plugins/com.nxp.mcuxpresso.tools.win32_10.3.0.201811011841/tools/bin/../lib/gcc/arm-none-eabi/7.3.1/../../../../arm-none-eabi/lib/thumb/v6-m\libcr_nohost_nf.a(__sys_istty.o)
 .comment       0x0000007f       0x80 c:/nxp/mcuxpressoide_10.3.0_2200/ide/plugins/com.nxp.mcuxpresso.tools.win32_10.3.0.201811011841/tools/bin/../lib/gcc/arm-none-eabi/7.3.1/../../../../arm-none-eabi/lib/thumb/v6-m\libcr_nohost_nf.a(__sys_remove.o)
 .comment       0x0000007f       0x80 c:/nxp/mcuxpressoide_10.3.0_2200/ide/plugins/com.nxp.mcuxpresso.tools.win32_10.3.0.201811011841/tools/bin/../lib/gcc/arm-none-eabi/7.3.1/../../../../arm-none-eabi/lib/thumb/v6-m\libcr_nohost_nf.a(__sys_seek.o)
 .comment       0x0000007f       0x80 c:/nxp/mcuxpressoide_10.3.0_2200/ide/plugins/com.nxp.mcuxpresso.tools.win32_10.3.0.201811011841/tools/bin/../lib/gcc/arm-none-eabi/7.3.1/../../../../arm-none-eabi/lib/thumb/v6-m\libcr_nohost_nf.a(__sys_tmpnam.o)

.ARM.attributes
                0x00000000       0x30
 .ARM.attributes
                0x00000000       0x32 ./utilities/fsl_debug_console.o
 .ARM.attributes
                0x00000032       0x32 ./startup/startup_mkl25z4.o
 .ARM.attributes
                0x00000064       0x32 ./src/allocate.o
 .ARM.attributes
                0x00000096       0x32 ./src/display.o
 .ARM.attributes
                0x000000c8       0x32 ./src/exit_pgm.o
 .ARM.attributes
                0x000000fa       0x32 ./src/free_mem.o
 .ARM.attributes
                0x0000012c       0x32 ./src/help.o
 .ARM.attributes
                0x0000015e       0x32 ./src/invert.o
 .ARM.attributes
                0x00000190       0x32 ./src/main.o
 .ARM.attributes
                0x000001c2       0x32 ./src/mtb.o
 .ARM.attributes
                0x000001f4       0x32 ./src/pattern.o
 .ARM.attributes
                0x00000226       0x32 ./src/retarget_itm.o
 .ARM.attributes
                0x00000258       0x32 ./src/semihost_hardfault.o
 .ARM.attributes
                0x0000028a       0x32 ./src/verify.o
 .ARM.attributes
                0x000002bc       0x32 ./src/write.o
 .ARM.attributes
                0x000002ee       0x32 ./drivers/fsl_clock.o
 .ARM.attributes
                0x00000320       0x32 ./drivers/fsl_common.o
 .ARM.attributes
                0x00000352       0x32 ./drivers/fsl_lpsci.o
 .ARM.attributes
                0x00000384       0x32 ./drivers/fsl_uart.o
 .ARM.attributes
                0x000003b6       0x32 ./board/board.o
 .ARM.attributes
                0x000003e8       0x32 ./board/clock_config.o
 .ARM.attributes
                0x0000041a       0x32 ./board/pin_mux.o
 .ARM.attributes
                0x0000044c       0x32 ./CMSIS/system_MKL25Z4.o
 .ARM.attributes
                0x0000047e       0x31 c:/nxp/mcuxpressoide_10.3.0_2200/ide/plugins/com.nxp.mcuxpresso.tools.win32_10.3.0.201811011841/tools/bin/../lib/gcc/arm-none-eabi/7.3.1/../../../../arm-none-eabi/lib/thumb/v6-m\libcr_nohost_nf.a(_cr__main.o)
 .ARM.attributes
                0x000004af       0x31 c:/nxp/mcuxpressoide_10.3.0_2200/ide/plugins/com.nxp.mcuxpresso.tools.win32_10.3.0.201811011841/tools/bin/../lib/gcc/arm-none-eabi/7.3.1/../../../../arm-none-eabi/lib/thumb/v6-m\libcr_c.a(memcpy.o)
 .ARM.attributes
                0x000004e0       0x31 c:/nxp/mcuxpressoide_10.3.0_2200/ide/plugins/com.nxp.mcuxpresso.tools.win32_10.3.0.201811011841/tools/bin/../lib/gcc/arm-none-eabi/7.3.1/../../../../arm-none-eabi/lib/thumb/v6-m\libcr_c.a(memset.o)
 .ARM.attributes
                0x00000511       0x31 c:/nxp/mcuxpressoide_10.3.0_2200/ide/plugins/com.nxp.mcuxpresso.tools.win32_10.3.0.201811011841/tools/bin/../lib/gcc/arm-none-eabi/7.3.1/../../../../arm-none-eabi/lib/thumb/v6-m\libcr_c.a(alloc.o)
 .ARM.attributes
                0x00000542       0x31 c:/nxp/mcuxpressoide_10.3.0_2200/ide/plugins/com.nxp.mcuxpresso.tools.win32_10.3.0.201811011841/tools/bin/../lib/gcc/arm-none-eabi/7.3.1/../../../../arm-none-eabi/lib/thumb/v6-m\libcr_c.a(initio.o)
 .ARM.attributes
                0x00000573       0x31 c:/nxp/mcuxpressoide_10.3.0_2200/ide/plugins/com.nxp.mcuxpresso.tools.win32_10.3.0.201811011841/tools/bin/../lib/gcc/arm-none-eabi/7.3.1/../../../../arm-none-eabi/lib/thumb/v6-m\libcr_c.a(setvbuf.o)
 .ARM.attributes
                0x000005a4       0x31 c:/nxp/mcuxpressoide_10.3.0_2200/ide/plugins/com.nxp.mcuxpresso.tools.win32_10.3.0.201811011841/tools/bin/../lib/gcc/arm-none-eabi/7.3.1/../../../../arm-none-eabi/lib/thumb/v6-m\libcr_c.a(strlen.o)
 .ARM.attributes
                0x000005d5       0x31 c:/nxp/mcuxpressoide_10.3.0_2200/ide/plugins/com.nxp.mcuxpresso.tools.win32_10.3.0.201811011841/tools/bin/../lib/gcc/arm-none-eabi/7.3.1/../../../../arm-none-eabi/lib/thumb/v6-m\libcr_c.a(strncmp.o)
 .ARM.attributes
                0x00000606       0x31 c:/nxp/mcuxpressoide_10.3.0_2200/ide/plugins/com.nxp.mcuxpresso.tools.win32_10.3.0.201811011841/tools/bin/../lib/gcc/arm-none-eabi/7.3.1/../../../../arm-none-eabi/lib/thumb/v6-m\libcr_c.a(__init_alloc.o)
 .ARM.attributes
                0x00000637       0x31 c:/nxp/mcuxpressoide_10.3.0_2200/ide/plugins/com.nxp.mcuxpresso.tools.win32_10.3.0.201811011841/tools/bin/../lib/gcc/arm-none-eabi/7.3.1/../../../../arm-none-eabi/lib/thumb/v6-m\libcr_c.a(_cr_sbrk.o)
 .ARM.attributes
                0x00000668       0x31 c:/nxp/mcuxpressoide_10.3.0_2200/ide/plugins/com.nxp.mcuxpresso.tools.win32_10.3.0.201811011841/tools/bin/../lib/gcc/arm-none-eabi/7.3.1/../../../../arm-none-eabi/lib/thumb/v6-m\libcr_c.a(_fdopen.o)
 .ARM.attributes
                0x00000699       0x31 c:/nxp/mcuxpressoide_10.3.0_2200/ide/plugins/com.nxp.mcuxpresso.tools.win32_10.3.0.201811011841/tools/bin/../lib/gcc/arm-none-eabi/7.3.1/../../../../arm-none-eabi/lib/thumb/v6-m\libcr_c.a(errno.o)
 .ARM.attributes
                0x000006ca       0x31 c:/nxp/mcuxpressoide_10.3.0_2200/ide/plugins/com.nxp.mcuxpresso.tools.win32_10.3.0.201811011841/tools/bin/../lib/gcc/arm-none-eabi/7.3.1/../../../../arm-none-eabi/lib/thumb/v6-m\libcr_c.a(fclose.o)
 .ARM.attributes
                0x000006fb       0x31 c:/nxp/mcuxpressoide_10.3.0_2200/ide/plugins/com.nxp.mcuxpresso.tools.win32_10.3.0.201811011841/tools/bin/../lib/gcc/arm-none-eabi/7.3.1/../../../../arm-none-eabi/lib/thumb/v6-m\libcr_c.a(fflush.o)
 .ARM.attributes
                0x0000072c       0x31 c:/nxp/mcuxpressoide_10.3.0_2200/ide/plugins/com.nxp.mcuxpresso.tools.win32_10.3.0.201811011841/tools/bin/../lib/gcc/arm-none-eabi/7.3.1/../../../../arm-none-eabi/lib/thumb/v6-m\libcr_c.a(fseek.o)
 .ARM.attributes
                0x0000075d       0x31 c:/nxp/mcuxpressoide_10.3.0_2200/ide/plugins/com.nxp.mcuxpresso.tools.win32_10.3.0.201811011841/tools/bin/../lib/gcc/arm-none-eabi/7.3.1/../../../../arm-none-eabi/lib/thumb/v6-m\libcr_c.a(ftell.o)
 .ARM.attributes
                0x0000078e       0x31 c:/nxp/mcuxpressoide_10.3.0_2200/ide/plugins/com.nxp.mcuxpresso.tools.win32_10.3.0.201811011841/tools/bin/../lib/gcc/arm-none-eabi/7.3.1/../../../../arm-none-eabi/lib/thumb/v6-m\libcr_c.a(remove.o)
 .ARM.attributes
                0x000007bf       0x31 c:/nxp/mcuxpressoide_10.3.0_2200/ide/plugins/com.nxp.mcuxpresso.tools.win32_10.3.0.201811011841/tools/bin/../lib/gcc/arm-none-eabi/7.3.1/../../../../arm-none-eabi/lib/thumb/v6-m\libcr_c.a(_cr_check_heap.o)
 .ARM.attributes
                0x000007f0       0x31 c:/nxp/mcuxpressoide_10.3.0_2200/ide/plugins/com.nxp.mcuxpresso.tools.win32_10.3.0.201811011841/tools/bin/../lib/gcc/arm-none-eabi/7.3.1/../../../../arm-none-eabi/lib/thumb/v6-m\libcr_c.a(_do_fflush.o)
 .ARM.attributes
                0x00000821       0x31 c:/nxp/mcuxpressoide_10.3.0_2200/ide/plugins/com.nxp.mcuxpresso.tools.win32_10.3.0.201811011841/tools/bin/../lib/gcc/arm-none-eabi/7.3.1/../../../../arm-none-eabi/lib/thumb/v6-m\libcr_c.a(_fflush.o)
 .ARM.attributes
                0x00000852       0x31 c:/nxp/mcuxpressoide_10.3.0_2200/ide/plugins/com.nxp.mcuxpresso.tools.win32_10.3.0.201811011841/tools/bin/../lib/gcc/arm-none-eabi/7.3.1/../../../../arm-none-eabi/lib/thumb/v6-m\libcr_c.a(_writebuf.o)
 .ARM.attributes
                0x00000883       0x31 c:/nxp/mcuxpressoide_10.3.0_2200/ide/plugins/com.nxp.mcuxpresso.tools.win32_10.3.0.201811011841/tools/bin/../lib/gcc/arm-none-eabi/7.3.1/../../../../arm-none-eabi/lib/thumb/v6-m\libcr_c.a(_deferredlazyseek.o)
 .ARM.attributes
                0x000008b4       0x21 c:/nxp/mcuxpressoide_10.3.0_2200/ide/plugins/com.nxp.mcuxpresso.tools.win32_10.3.0.201811011841/tools/bin/../lib/gcc/arm-none-eabi/7.3.1/thumb/v6-m\libcr_eabihelpers.a(division_32.o)
 .ARM.attributes
                0x000008d5       0x21 c:/nxp/mcuxpressoide_10.3.0_2200/ide/plugins/com.nxp.mcuxpresso.tools.win32_10.3.0.201811011841/tools/bin/../lib/gcc/arm-none-eabi/7.3.1/thumb/v6-m\libcr_eabihelpers.a(division_idiv0.o)
 .ARM.attributes
                0x000008f6       0x21 c:/nxp/mcuxpressoide_10.3.0_2200/ide/plugins/com.nxp.mcuxpresso.tools.win32_10.3.0.201811011841/tools/bin/../lib/gcc/arm-none-eabi/7.3.1/thumb/v6-m\libcr_eabihelpers.a(memcpy.o)
 .ARM.attributes
                0x00000917       0x31 c:/nxp/mcuxpressoide_10.3.0_2200/ide/plugins/com.nxp.mcuxpresso.tools.win32_10.3.0.201811011841/tools/bin/../lib/gcc/arm-none-eabi/7.3.1/../../../../arm-none-eabi/lib/thumb/v6-m\libcr_nohost_nf.a(__ciob.o)
 .ARM.attributes
                0x00000948       0x31 c:/nxp/mcuxpressoide_10.3.0_2200/ide/plugins/com.nxp.mcuxpresso.tools.win32_10.3.0.201811011841/tools/bin/../lib/gcc/arm-none-eabi/7.3.1/../../../../arm-none-eabi/lib/thumb/v6-m\libcr_nohost_nf.a(__sys_close.o)
 .ARM.attributes
                0x00000979       0x31 c:/nxp/mcuxpressoide_10.3.0_2200/ide/plugins/com.nxp.mcuxpresso.tools.win32_10.3.0.201811011841/tools/bin/../lib/gcc/arm-none-eabi/7.3.1/../../../../arm-none-eabi/lib/thumb/v6-m\libcr_nohost_nf.a(__sys_flen.o)
 .ARM.attributes
                0x000009aa       0x31 c:/nxp/mcuxpressoide_10.3.0_2200/ide/plugins/com.nxp.mcuxpresso.tools.win32_10.3.0.201811011841/tools/bin/../lib/gcc/arm-none-eabi/7.3.1/../../../../arm-none-eabi/lib/thumb/v6-m\libcr_nohost_nf.a(__sys_istty.o)
 .ARM.attributes
                0x000009db       0x31 c:/nxp/mcuxpressoide_10.3.0_2200/ide/plugins/com.nxp.mcuxpresso.tools.win32_10.3.0.201811011841/tools/bin/../lib/gcc/arm-none-eabi/7.3.1/../../../../arm-none-eabi/lib/thumb/v6-m\libcr_nohost_nf.a(__sys_remove.o)
 .ARM.attributes
                0x00000a0c       0x31 c:/nxp/mcuxpressoide_10.3.0_2200/ide/plugins/com.nxp.mcuxpresso.tools.win32_10.3.0.201811011841/tools/bin/../lib/gcc/arm-none-eabi/7.3.1/../../../../arm-none-eabi/lib/thumb/v6-m\libcr_nohost_nf.a(__sys_seek.o)
 .ARM.attributes
                0x00000a3d       0x31 c:/nxp/mcuxpressoide_10.3.0_2200/ide/plugins/com.nxp.mcuxpresso.tools.win32_10.3.0.201811011841/tools/bin/../lib/gcc/arm-none-eabi/7.3.1/../../../../arm-none-eabi/lib/thumb/v6-m\libcr_nohost_nf.a(__sys_tmpnam.o)

.debug_frame    0x00000000     0x1a74
 .debug_frame   0x00000000      0x1f0 ./utilities/fsl_debug_console.o
 .debug_frame   0x000001f0      0x3b0 ./startup/startup_mkl25z4.o
 .debug_frame   0x000005a0       0x30 ./src/allocate.o
 .debug_frame   0x000005d0       0x30 ./src/display.o
 .debug_frame   0x00000600       0x2c ./src/exit_pgm.o
 .debug_frame   0x0000062c       0x2c ./src/free_mem.o
 .debug_frame   0x00000658       0x2c ./src/help.o
 .debug_frame   0x00000684       0x30 ./src/invert.o
 .debug_frame   0x000006b4       0xe4 ./src/main.o
 .debug_frame   0x00000798       0x30 ./src/pattern.o
 .debug_frame   0x000007c8       0x50 ./src/retarget_itm.o
 .debug_frame   0x00000818       0x20 ./src/semihost_hardfault.o
 .debug_frame   0x00000838       0x30 ./src/verify.o
 .debug_frame   0x00000868       0x30 ./src/write.o
 .debug_frame   0x00000898      0x6e0 ./drivers/fsl_clock.o
 .debug_frame   0x00000f78       0x90 ./drivers/fsl_common.o
 .debug_frame   0x00001008      0x418 ./drivers/fsl_lpsci.o
 .debug_frame   0x00001420      0x468 ./drivers/fsl_uart.o
 .debug_frame   0x00001888       0x50 ./board/board.o
 .debug_frame   0x000018d8       0xe4 ./board/clock_config.o
 .debug_frame   0x000019bc       0x6c ./board/pin_mux.o
 .debug_frame   0x00001a28       0x4c ./CMSIS/system_MKL25Z4.o
