Archive member included to satisfy reference by file (symbol)

c:/nxp/mcuxpressoide_10.3.0_2200/ide/plugins/com.nxp.mcuxpresso.tools.win32_10.3.0.201811011841/tools/bin/../lib/gcc/arm-none-eabi/7.3.1/../../../../arm-none-eabi/lib/thumb/v6-m\libcr_nohost_nf.a(_cr__main.o)
                              ./startup/startup_mkl25z4.o (__main)
c:/nxp/mcuxpressoide_10.3.0_2200/ide/plugins/com.nxp.mcuxpresso.tools.win32_10.3.0.201811011841/tools/bin/../lib/gcc/arm-none-eabi/7.3.1/../../../../arm-none-eabi/lib/thumb/v6-m\libcr_c.a(memcpy.o)
                              ./drivers/fsl_flash.o (memcpy)
c:/nxp/mcuxpressoide_10.3.0_2200/ide/plugins/com.nxp.mcuxpresso.tools.win32_10.3.0.201811011841/tools/bin/../lib/gcc/arm-none-eabi/7.3.1/../../../../arm-none-eabi/lib/thumb/v6-m\libcr_c.a(memset.o)
                              ./drivers/fsl_flash.o (memset)
c:/nxp/mcuxpressoide_10.3.0_2200/ide/plugins/com.nxp.mcuxpresso.tools.win32_10.3.0.201811011841/tools/bin/../lib/gcc/arm-none-eabi/7.3.1/../../../../arm-none-eabi/lib/thumb/v6-m\libcr_c.a(alloc.o)
                              ./src/free_mem.o (free)
c:/nxp/mcuxpressoide_10.3.0_2200/ide/plugins/com.nxp.mcuxpresso.tools.win32_10.3.0.201811011841/tools/bin/../lib/gcc/arm-none-eabi/7.3.1/../../../../arm-none-eabi/lib/thumb/v6-m\libcr_c.a(initio.o)
                              c:/nxp/mcuxpressoide_10.3.0_2200/ide/plugins/com.nxp.mcuxpresso.tools.win32_10.3.0.201811011841/tools/bin/../lib/gcc/arm-none-eabi/7.3.1/../../../../arm-none-eabi/lib/thumb/v6-m\libcr_nohost_nf.a(_cr__main.o) (_initio)
c:/nxp/mcuxpressoide_10.3.0_2200/ide/plugins/com.nxp.mcuxpresso.tools.win32_10.3.0.201811011841/tools/bin/../lib/gcc/arm-none-eabi/7.3.1/../../../../arm-none-eabi/lib/thumb/v6-m\libcr_c.a(setvbuf.o)
                              c:/nxp/mcuxpressoide_10.3.0_2200/ide/plugins/com.nxp.mcuxpresso.tools.win32_10.3.0.201811011841/tools/bin/../lib/gcc/arm-none-eabi/7.3.1/../../../../arm-none-eabi/lib/thumb/v6-m\libcr_c.a(initio.o) (setvbuf)
c:/nxp/mcuxpressoide_10.3.0_2200/ide/plugins/com.nxp.mcuxpresso.tools.win32_10.3.0.201811011841/tools/bin/../lib/gcc/arm-none-eabi/7.3.1/../../../../arm-none-eabi/lib/thumb/v6-m\libcr_c.a(strlen.o)
                              ./utilities/fsl_debug_console.o (strlen)
c:/nxp/mcuxpressoide_10.3.0_2200/ide/plugins/com.nxp.mcuxpresso.tools.win32_10.3.0.201811011841/tools/bin/../lib/gcc/arm-none-eabi/7.3.1/../../../../arm-none-eabi/lib/thumb/v6-m\libcr_c.a(strncmp.o)
                              ./src/main.o (strncmp)
c:/nxp/mcuxpressoide_10.3.0_2200/ide/plugins/com.nxp.mcuxpresso.tools.win32_10.3.0.201811011841/tools/bin/../lib/gcc/arm-none-eabi/7.3.1/../../../../arm-none-eabi/lib/thumb/v6-m\libcr_c.a(__init_alloc.o)
                              c:/nxp/mcuxpressoide_10.3.0_2200/ide/plugins/com.nxp.mcuxpresso.tools.win32_10.3.0.201811011841/tools/bin/../lib/gcc/arm-none-eabi/7.3.1/../../../../arm-none-eabi/lib/thumb/v6-m\libcr_c.a(alloc.o) (__heaps)
c:/nxp/mcuxpressoide_10.3.0_2200/ide/plugins/com.nxp.mcuxpresso.tools.win32_10.3.0.201811011841/tools/bin/../lib/gcc/arm-none-eabi/7.3.1/../../../../arm-none-eabi/lib/thumb/v6-m\libcr_c.a(_cr_sbrk.o)
                              c:/nxp/mcuxpressoide_10.3.0_2200/ide/plugins/com.nxp.mcuxpresso.tools.win32_10.3.0.201811011841/tools/bin/../lib/gcc/arm-none-eabi/7.3.1/../../../../arm-none-eabi/lib/thumb/v6-m\libcr_c.a(alloc.o) (_sbrk)
c:/nxp/mcuxpressoide_10.3.0_2200/ide/plugins/com.nxp.mcuxpresso.tools.win32_10.3.0.201811011841/tools/bin/../lib/gcc/arm-none-eabi/7.3.1/../../../../arm-none-eabi/lib/thumb/v6-m\libcr_c.a(_fdopen.o)
                              c:/nxp/mcuxpressoide_10.3.0_2200/ide/plugins/com.nxp.mcuxpresso.tools.win32_10.3.0.201811011841/tools/bin/../lib/gcc/arm-none-eabi/7.3.1/../../../../arm-none-eabi/lib/thumb/v6-m\libcr_c.a(initio.o) (_fdopen)
c:/nxp/mcuxpressoide_10.3.0_2200/ide/plugins/com.nxp.mcuxpresso.tools.win32_10.3.0.201811011841/tools/bin/../lib/gcc/arm-none-eabi/7.3.1/../../../../arm-none-eabi/lib/thumb/v6-m\libcr_c.a(errno.o)
                              c:/nxp/mcuxpressoide_10.3.0_2200/ide/plugins/com.nxp.mcuxpresso.tools.win32_10.3.0.201811011841/tools/bin/../lib/gcc/arm-none-eabi/7.3.1/../../../../arm-none-eabi/lib/thumb/v6-m\libcr_c.a(_cr_sbrk.o) (errno)
c:/nxp/mcuxpressoide_10.3.0_2200/ide/plugins/com.nxp.mcuxpresso.tools.win32_10.3.0.201811011841/tools/bin/../lib/gcc/arm-none-eabi/7.3.1/../../../../arm-none-eabi/lib/thumb/v6-m\libcr_c.a(fclose.o)
                              c:/nxp/mcuxpressoide_10.3.0_2200/ide/plugins/com.nxp.mcuxpresso.tools.win32_10.3.0.201811011841/tools/bin/../lib/gcc/arm-none-eabi/7.3.1/../../../../arm-none-eabi/lib/thumb/v6-m\libcr_c.a(initio.o) (fclose)
c:/nxp/mcuxpressoide_10.3.0_2200/ide/plugins/com.nxp.mcuxpresso.tools.win32_10.3.0.201811011841/tools/bin/../lib/gcc/arm-none-eabi/7.3.1/../../../../arm-none-eabi/lib/thumb/v6-m\libcr_c.a(fflush.o)
[...]
Memory Configuration

Name             Origin             Length             Attributes
PROGRAM_FLASH    0x00000000         0x00020000         xr
SRAM             0x1ffff000         0x00004000         xrw
*default*        0x00000000         0xffffffff

Linker script and memory map

LOAD ./utilities/fsl_debug_console.o
LOAD ./startup/startup_mkl25z4.o
LOAD ./src/allocate.o
LOAD ./src/display.o
LOAD ./src/exit_pgm.o
LOAD ./src/free_mem.o
LOAD ./src/help.o
LOAD ./src/invert.o
LOAD ./src/main.o
LOAD ./src/mtb.o
LOAD ./src/pattern.o
LOAD ./src/retarget_itm.o
LOAD ./src/semihost_hardfault.o
LOAD ./src/verify.o
LOAD ./src/write.o
LOAD ./drivers/fsl_clock.o
LOAD ./drivers/fsl_common.o
LOAD ./drivers/fsl_flash.o
LOAD ./drivers/fsl_gpio.o
LOAD ./drivers/fsl_lpsci.o
LOAD ./drivers/fsl_smc.o
LOAD ./drivers/fsl_uart.o
LOAD ./board/board.o
LOAD ./board/clock_config.o
LOAD ./board/pin_mux.o
LOAD ./CMSIS/system_MKL25Z4.o
START GROUP
LOAD c:/nxp/mcuxpressoide_10.3.0_2200/ide/plugins/com.nxp.mcuxpresso.tools.win32_10.3.0.201811011841/tools/bin/../lib/gcc/arm-none-eabi/7.3.1/../../../../arm-none-eabi/lib/thumb/v6-m\libcr_nohost_nf.a
LOAD c:/nxp/mcuxpressoide_10.3.0_2200/ide/plugins/com.nxp.mcuxpresso.tools.win32_10.3.0.201811011841/tools/bin/../lib/gcc/arm-none-eabi/7.3.1/../../../../arm-none-eabi/lib/thumb/v6-m\libcr_c.a
LOAD c:/nxp/mcuxpressoide_10.3.0_2200/ide/plugins/com.nxp.mcuxpresso.tools.win32_10.3.0.201811011841/tools/bin/../lib/gcc/arm-none-eabi/7.3.1/thumb/v6-m\libcr_eabihelpers.a
END GROUP
                0x00000000                __base_PROGRAM_FLASH = 0x0
                0x00000000                __base_Flash = 0x0
                0x00020000                __top_PROGRAM_FLASH = 0x20000
                0x00020000                __top_Flash = 0x20000
                0x1ffff000                __base_SRAM = 0x1ffff000
                0x1ffff000                __base_RAM = 0x1ffff000
                0x20003000                __top_SRAM = 0x20003000
                0x20003000                __top_RAM = 0x20003000

.text           0x00000000     0x48a0
 FILL mask 0xff
                0x00000000                __vectors_start__ = ABSOLUTE (.)
 *(SORT_BY_ALIGNMENT(.isr_vector))
 .isr_vector    0x00000000       0xc0 ./startup/startup_mkl25z4.o
                0x00000000                g_pfnVectors
                0x00000000                __Vectors
                0x000000c0                . = ALIGN (0x4)
                0x000000c0                __section_table_start = .
                0x000000c0                __data_section_table = .
                0x000000c0        0x4 LONG 0x48a0 LOADADDR (.data)
                0x000000c4        0x4 LONG 0x1ffff080 ADDR (.data)
                0x000000c8        0x4 LONG 0x8 SIZEOF (.data)
                0x000000cc                __data_section_table_end = .
                0x000000cc                __bss_section_table = .
                0x000000cc        0x4 LONG 0x1ffff088 ADDR (.bss)
                0x000000d0        0x4 LONG 0x100 SIZEOF (.bss)
                0x000000d4                __bss_section_table_end = .
                0x000000d4                __section_table_end = .
 *(SORT_BY_ALIGNMENT(.after_vectors*))
 .after_vectors.reset
                0x000000d4       0x4c ./startup/startup_mkl25z4.o
                0x000000d4                ResetISR
 .after_vectors.init_data
                0x00000120       0x16 ./startup/startup_mkl25z4.o
                0x00000120                data_init
 .after_vectors.init_bss
                0x00000136       0x12 ./startup/startup_mkl25z4.o
                0x00000136                bss_init
 .after_vectors
                0x00000148      0x10c ./startup/startup_mkl25z4.o
                0x00000148                NMI_Handler
                0x0000014c                SVC_Handler
                0x0000014e                PendSV_Handler
                0x00000152                SPI1_DriverIRQHandler
                0x00000152                LPTMR0_DriverIRQHandler
                0x00000152                DMA0_DriverIRQHandler
                0x00000152                I2C0_DriverIRQHandler
                0x00000152                Reserved39_DriverIRQHandler
                0x00000152                PORTD_DriverIRQHandler
                0x00000152                DMA2_DriverIRQHandler
                0x00000152                CMP0_DriverIRQHandler
                0x00000152                TPM2_DriverIRQHandler
                0x00000152                ADC0_DriverIRQHandler
                0x00000152                SPI0_DriverIRQHandler
                0x00000152                TSI0_DriverIRQHandler
                0x00000152                RTC_Seconds_DriverIRQHandler
                0x00000152                I2C1_DriverIRQHandler
                0x00000152                DMA1_DriverIRQHandler
                0x00000152                LLWU_DriverIRQHandler
                0x00000152                MCG_DriverIRQHandler
                0x00000152                PIT_DriverIRQHandler
                0x00000152                RTC_DriverIRQHandler
                0x00000152                TPM1_DriverIRQHandler
                0x00000152                FTFA_DriverIRQHandler
                0x00000152                IntDefaultHandler
                0x00000152                USB0_DriverIRQHandler
                0x00000152                DAC0_DriverIRQHandler
                0x00000152                PORTA_DriverIRQHandler
                0x00000152                LVD_LVW_DriverIRQHandler
                0x00000152                TPM0_DriverIRQHandler
                0x00000152                Reserved45_DriverIRQHandler
                0x00000152                DMA3_DriverIRQHandler
                0x00000152                Reserved20_DriverIRQHandler
                0x00000154                DMA0_IRQHandler
                0x0000015c                DMA1_IRQHandler
                0x00000164                DMA2_IRQHandler
                0x0000016c                DMA3_IRQHandler
                0x00000174                Reserved20_IRQHandler
                0x0000017c                FTFA_IRQHandler
                0x00000184                LVD_LVW_IRQHandler
                0x0000018c                LLWU_IRQHandler
                0x00000194                I2C0_IRQHandler
                0x0000019c                I2C1_IRQHandler
                0x000001a4                SPI0_IRQHandler
                0x000001ac                SPI1_IRQHandler
                0x000001b4                UART0_IRQHandler
                0x000001bc                UART1_IRQHandler
                0x000001c4                UART2_IRQHandler
                0x000001cc                ADC0_IRQHandler
                0x000001d4                CMP0_IRQHandler
                0x000001dc                TPM0_IRQHandler
                0x000001e4                TPM1_IRQHandler
                0x000001ec                TPM2_IRQHandler
                0x000001f4                RTC_IRQHandler
                0x000001fc                RTC_Seconds_IRQHandler
                0x00000204                PIT_IRQHandler
                0x0000020c                Reserved39_IRQHandler
                0x00000214                USB0_IRQHandler
                0x0000021c                DAC0_IRQHandler
                0x00000224                TSI0_IRQHandler
                0x0000022c                MCG_IRQHandler
                0x00000234                LPTMR0_IRQHandler
                0x0000023c                Reserved45_IRQHandler
                0x00000244                PORTA_IRQHandler
                0x0000024c                PORTD_IRQHandler
                0x00000400                . = 0x400
 *fill*         0x00000254      0x1ac ff
                0x00000400                PROVIDE (__FLASH_CONFIG_START__ = .)
 *(SORT_BY_ALIGNMENT(.FlashConfig))
 .FlashConfig   0x00000400       0x10 ./startup/startup_mkl25z4.o
                0x00000400                Flash_Config
                0x00000410                PROVIDE (__FLASH_CONFIG_END__ = .)
                0x00000001                ASSERT (! ((__FLASH_CONFIG_START__ == __FLASH_CONFIG_END__)), Linker Flash Config Support Enabled, but no .FlashConfig section provided within application)
 *(SORT_BY_ALIGNMENT(.text*))
 .text.DbgConsole_Init
                0x00000410       0xf4 ./utilities/fsl_debug_console.o
                0x00000410                DbgConsole_Init
 .text.DbgConsole_Printf
                0x00000504       0x44 ./utilities/fsl_debug_console.o
                0x00000504                DbgConsole_Printf
 .text.DbgConsole_Putchar
                0x00000548       0x34 ./utilities/fsl_debug_console.o
                0x00000548                DbgConsole_Putchar
 .text.DbgConsole_Scanf
                0x0000057c       0xc0 ./utilities/fsl_debug_console.o
                0x0000057c                DbgConsole_Scanf
 .text.DbgConsole_Getchar
                0x0000063c       0x40 ./utilities/fsl_debug_console.o
                0x0000063c                DbgConsole_Getchar
 .text.DbgConsole_ScanfFormattedData
                0x0000067c      0x50c ./utilities/fsl_debug_console.o
 .text.allocate
                0x00000b88       0xd4 ./src/allocate.o
                0x00000b88                allocate
 .text.display  0x00000c5c       0x70 ./src/display.o
                0x00000c5c                display
 .text.exit_pgm
                0x00000ccc       0x20 ./src/exit_pgm.o
                0x00000ccc                exit_pgm
 .text.free_mem
                0x00000cec       0x34 ./src/free_mem.o
                0x00000cec                free_mem
 .text.help     0x00000d20       0x90 ./src/help.o
                0x00000d20                help
 .text.invert   0x00000db0      0x110 ./src/invert.o
                0x00000db0                invert
 .text.NVIC_SetPriority
                0x00000ec0       0xdc ./src/main.o
 .text.SysTick_Config
                0x00000f9c       0x48 ./src/main.o
 .text.Init_Systick
                0x00000fe4       0x34 ./src/main.o
                0x00000fe4                Init_Systick
 .text.SysTick_Handler
                0x00001018       0x28 ./src/main.o
                0x00001018                SysTick_Handler
 .text.get_clk  0x00001040       0x14 ./src/main.o
                0x00001040                get_clk
 .text.cmd_lut  0x00001054       0xdc ./src/main.o
                0x00001054                cmd_lut
 .text.main     0x00001130       0x9c ./src/main.o
                0x00001130                main
 .text.pattern  0x000011cc       0x80 ./src/pattern.o
                0x000011cc                pattern
 .text.__sys_write
                0x0000124c       0x74 ./src/retarget_itm.o
                0x0000124c                __sys_write
 .text.HardFault_Handler
                0x000012c0       0x30 ./src/semihost_hardfault.o
                0x000012c0                HardFault_Handler
 .text.verify   0x000012f0       0xb8 ./src/verify.o
                0x000012f0                verify
 .text.write    0x000013a8       0xd0 ./src/write.o
                0x000013a8                write
 .text.CLOCK_SetEr32kClock
                0x00001478       0x34 ./drivers/fsl_clock.o
 .text.CLOCK_SetPllFllSelClock
                0x000014ac       0x38 ./drivers/fsl_clock.o
 .text.CLOCK_GetMcgExtClkFreq
                0x000014e4       0x28 ./drivers/fsl_clock.o
 .text.CLOCK_GetFllExtRefClkFreq
                0x0000150c       0xa4 ./drivers/fsl_clock.o
 .text.CLOCK_GetFllRefClkFreq
                0x000015b0       0x2c ./drivers/fsl_clock.o
 .text.CLOCK_GetOscRangeFromFreq
                0x000015dc       0x4c ./drivers/fsl_clock.o
 .text.CLOCK_GetPllFllSelClkFreq
                0x00001628       0x4c ./drivers/fsl_clock.o
                0x00001628                CLOCK_GetPllFllSelClkFreq
 .text.CLOCK_SetSimConfig
                0x00001674       0x38 ./drivers/fsl_clock.o
                0x00001674                CLOCK_SetSimConfig
 .text.CLOCK_GetFllFreq
                0x000016ac       0x84 ./drivers/fsl_clock.o
                0x000016ac                CLOCK_GetFllFreq
 .text.CLOCK_GetPll0Freq
                0x00001730       0x70 ./drivers/fsl_clock.o
                0x00001730                CLOCK_GetPll0Freq
 .text.CLOCK_SetInternalRefClkConfig
                0x000017a0      0x128 ./drivers/fsl_clock.o
                0x000017a0                CLOCK_SetInternalRefClkConfig
 .text.CLOCK_EnablePll0
                0x000018c8       0x90 ./drivers/fsl_clock.o
                0x000018c8                CLOCK_EnablePll0
 .text.CLOCK_InitOsc0
                0x00001958       0x94 ./drivers/fsl_clock.o
                0x00001958                CLOCK_InitOsc0
 .text.CLOCK_SetPbeMode
                0x000019ec       0xb0 ./drivers/fsl_clock.o
                0x000019ec                CLOCK_SetPbeMode
 .text.CLOCK_BootToPeeMode
                0x00001a9c       0x70 ./drivers/fsl_clock.o
                0x00001a9c                CLOCK_BootToPeeMode
 .text.__assertion_failed
                0x00001b0c       0x1c ./drivers/fsl_common.o
                0x00001b0c                __assertion_failed
 .text.CLOCK_EnableClock
                0x00001b28       0x34 ./drivers/fsl_lpsci.o
 .text.LPSCI_GetInstance
                0x00001b5c       0x48 ./drivers/fsl_lpsci.o
                0x00001b5c                LPSCI_GetInstance
 .text.LPSCI_Init
                0x00001ba4      0x260 ./drivers/fsl_lpsci.o
                0x00001ba4                LPSCI_Init
 .text.LPSCI_GetDefaultConfig
                0x00001e04       0x44 ./drivers/fsl_lpsci.o
                0x00001e04                LPSCI_GetDefaultConfig
 .text.LPSCI_ClearStatusFlags
                0x00001e48       0x94 ./drivers/fsl_lpsci.o
                0x00001e48                LPSCI_ClearStatusFlags
 .text.LPSCI_WriteBlocking
                0x00001edc       0x4c ./drivers/fsl_lpsci.o
                0x00001edc                LPSCI_WriteBlocking
 .text.LPSCI_ReadBlocking
                0x00001f28       0xc0 ./drivers/fsl_lpsci.o
                0x00001f28                LPSCI_ReadBlocking
 .text.UART0_DriverIRQHandler
                0x00001fe8       0x24 ./drivers/fsl_lpsci.o
                0x00001fe8                UART0_DriverIRQHandler
 .text.CLOCK_EnableClock
                0x0000200c       0x34 ./drivers/fsl_uart.o
 .text.UART_GetInstance
                0x00002040       0x54 ./drivers/fsl_uart.o
                0x00002040                UART_GetInstance
 .text.UART_Init
                0x00002094      0x1e8 ./drivers/fsl_uart.o
                0x00002094                UART_Init
 .text.UART_GetDefaultConfig
                0x0000227c       0x44 ./drivers/fsl_uart.o
                0x0000227c                UART_GetDefaultConfig
 .text.UART_ReadBlocking
                0x000022c0       0x98 ./drivers/fsl_uart.o
                0x000022c0                UART_ReadBlocking
 .text.UART1_DriverIRQHandler
                0x00002358       0x24 ./drivers/fsl_uart.o
                0x00002358                UART1_DriverIRQHandler
 .text.UART2_DriverIRQHandler
                0x0000237c       0x24 ./drivers/fsl_uart.o
                0x0000237c                UART2_DriverIRQHandler
 .text.CLOCK_SetLpsci0Clock
                0x000023a0       0x38 ./board/board.o
 .text.BOARD_InitDebugConsole
                0x000023d8       0x30 ./board/board.o
                0x000023d8                BOARD_InitDebugConsole
 .text.CLOCK_SetSimSafeDivs
                0x00002408       0x20 ./board/clock_config.o
 .text.CLOCK_SetXtal0Freq
                0x00002428       0x1c ./board/clock_config.o
 .text.CLOCK_CONFIG_SetFllExtRefDiv
                0x00002444       0x3c ./board/clock_config.o
 .text.BOARD_BootClockRUN
                0x00002480       0x64 ./board/clock_config.o
                0x00002480                BOARD_BootClockRUN
 .text.CLOCK_EnableClock
                0x000024e4       0x34 ./board/pin_mux.o
 .text.PORT_SetPinMux
                0x00002518       0x40 ./board/pin_mux.o
 .text.BOARD_InitPins
                0x00002558       0x4c ./board/pin_mux.o
                0x00002558                BOARD_InitPins
 .text.SystemInit
                0x000025a4       0x18 ./CMSIS/system_MKL25Z4.o
                0x000025a4                SystemInit
 .text.malloc   0x000025bc       0xcc c:/nxp/mcuxpressoide_10.3.0_2200/ide/plugins/com.nxp.mcuxpresso.tools.win32_10.3.0.201811011841/tools/bin/../lib/gcc/arm-none-eabi/7.3.1/../../../../arm-none-eabi/lib/thumb/v6-m\libcr_c.a(alloc.o)
                0x000025bc                malloc
 .text._initio  0x00002688       0x7c c:/nxp/mcuxpressoide_10.3.0_2200/ide/plugins/com.nxp.mcuxpresso.tools.win32_10.3.0.201811011841/tools/bin/../lib/gcc/arm-none-eabi/7.3.1/../../../../arm-none-eabi/lib/thumb/v6-m\libcr_c.a(initio.o)
                0x00002688                _initio
 .text.setvbuf  0x00002704       0x48 c:/nxp/mcuxpressoide_10.3.0_2200/ide/plugins/com.nxp.mcuxpresso.tools.win32_10.3.0.201811011841/tools/bin/../lib/gcc/arm-none-eabi/7.3.1/../../../../arm-none-eabi/lib/thumb/v6-m\libcr_c.a(setvbuf.o)
                0x00002704                setvbuf
 .text.strlen   0x0000274c       0x58 c:/nxp/mcuxpressoide_10.3.0_2200/ide/plugins/com.nxp.mcuxpresso.tools.win32_10.3.0.201811011841/tools/bin/../lib/gcc/arm-none-eabi/7.3.1/../../../../arm-none-eabi/lib/thumb/v6-m\libcr_c.a(strlen.o)
                0x0000274c                strlen
 .text.strncmp  0x000027a4       0x54 c:/nxp/mcuxpressoide_10.3.0_2200/ide/plugins/com.nxp.mcuxpresso.tools.win32_10.3.0.201811011841/tools/bin/../lib/gcc/arm-none-eabi/7.3.1/../../../../arm-none-eabi/lib/thumb/v6-m\libcr_c.a(strncmp.o)
                0x000027a4                strncmp
 .text._sbrk    0x000027f8       0x40 c:/nxp/mcuxpressoide_10.3.0_2200/ide/plugins/com.nxp.mcuxpresso.tools.win32_10.3.0.201811011841/tools/bin/../lib/gcc/arm-none-eabi/7.3.1/../../../../arm-none-eabi/lib/thumb/v6-m\libcr_c.a(_cr_sbrk.o)
                0x000027f8                _sbrk
 .text._fdopen  0x00002838       0x74 c:/nxp/mcuxpressoide_10.3.0_2200/ide/plugins/com.nxp.mcuxpresso.tools.win32_10.3.0.201811011841/tools/bin/../lib/gcc/arm-none-eabi/7.3.1/../../../../arm-none-eabi/lib/thumb/v6-m\libcr_c.a(_fdopen.o)
                0x00002838                _fdopen
 .text.fclose   0x000028ac       0x5c c:/nxp/mcuxpressoide_10.3.0_2200/ide/plugins/com.nxp.mcuxpresso.tools.win32_10.3.0.201811011841/tools/bin/../lib/gcc/arm-none-eabi/7.3.1/../../../../arm-none-eabi/lib/thumb/v6-m\libcr_c.a(fclose.o)
                0x000028ac                fclose
 .text.fflush   0x00002908       0x44 c:/nxp/mcuxpressoide_10.3.0_2200/ide/plugins/com.nxp.mcuxpresso.tools.win32_10.3.0.201811011841/tools/bin/../lib/gcc/arm-none-eabi/7.3.1/../../../../arm-none-eabi/lib/thumb/v6-m\libcr_c.a(fflush.o)
                0x00002908                fflush
 .text.fseek    0x0000294c       0xf0 c:/nxp/mcuxpressoide_10.3.0_2200/ide/plugins/com.nxp.mcuxpresso.tools.win32_10.3.0.201811011841/tools/bin/../lib/gcc/arm-none-eabi/7.3.1/../../../../arm-none-eabi/lib/thumb/v6-m\libcr_c.a(fseek.o)
                0x0000294c                fseek
 .text.ftell    0x00002a3c       0x48 c:/nxp/mcuxpressoide_10.3.0_2200/ide/plugins/com.nxp.mcuxpresso.tools.win32_10.3.0.201811011841/tools/bin/../lib/gcc/arm-none-eabi/7.3.1/../../../../arm-none-eabi/lib/thumb/v6-m\libcr_c.a(ftell.o)
                0x00002a3c                ftell
 .text.__check_heap_overflow
                0x00002a84       0x14 c:/nxp/mcuxpressoide_10.3.0_2200/ide/plugins/com.nxp.mcuxpresso.tools.win32_10.3.0.201811011841/tools/bin/../lib/gcc/arm-none-eabi/7.3.1/../../../../arm-none-eabi/lib/thumb/v6-m\libcr_c.a(_cr_check_heap.o)
                0x00002a84                __check_heap_overflow
 .text._do_fflush
                0x00002a98       0x44 c:/nxp/mcuxpressoide_10.3.0_2200/ide/plugins/com.nxp.mcuxpresso.tools.win32_10.3.0.201811011841/tools/bin/../lib/gcc/arm-none-eabi/7.3.1/../../../../arm-none-eabi/lib/thumb/v6-m\libcr_c.a(_do_fflush.o)
                0x00002a98                _do_fflush
 .text._fflush  0x00002adc       0x5c c:/nxp/mcuxpressoide_10.3.0_2200/ide/plugins/com.nxp.mcuxpresso.tools.win32_10.3.0.201811011841/tools/bin/../lib/gcc/arm-none-eabi/7.3.1/../../../../arm-none-eabi/lib/thumb/v6-m\libcr_c.a(_fflush.o)
                0x00002adc                _fflush
 .text._Cwritebuf
                0x00002b38       0x68 c:/nxp/mcuxpressoide_10.3.0_2200/ide/plugins/com.nxp.mcuxpresso.tools.win32_10.3.0.201811011841/tools/bin/../lib/gcc/arm-none-eabi/7.3.1/../../../../arm-none-eabi/lib/thumb/v6-m\libcr_c.a(_writebuf.o)
                0x00002b38                _Cwritebuf
 .text._deferredlazyseek
                0x00002ba0       0x40 c:/nxp/mcuxpressoide_10.3.0_2200/ide/plugins/com.nxp.mcuxpresso.tools.win32_10.3.0.201811011841/tools/bin/../lib/gcc/arm-none-eabi/7.3.1/../../../../arm-none-eabi/lib/thumb/v6-m\libcr_c.a(_deferredlazyseek.o)
                0x00002ba0                _deferredlazyseek
 .text.UART_EnableTx
                0x00002be0       0x40 ./utilities/fsl_debug_console.o
 .text.UART_EnableRx
                0x00002c20       0x40 ./utilities/fsl_debug_console.o
 .text.LPSCI_EnableTx
                0x00002c60       0x40 ./utilities/fsl_debug_console.o
 .text.LPSCI_EnableRx
                0x00002ca0       0x40 ./utilities/fsl_debug_console.o
 .text.DbgConsole_ScanIgnoreWhiteSpace
                0x00002ce0       0x8a ./utilities/fsl_debug_console.o
 .text.DbgConsole_PrintfPaddingCharacter
                0x00002d6a       0x46 ./utilities/fsl_debug_console.o
 .text.DbgConsole_ConvertRadixNumToString
                0x00002db0      0x114 ./utilities/fsl_debug_console.o
 .text.DbgConsole_PrintfFormattedData
                0x00002ec4      0x32c ./utilities/fsl_debug_console.o
 .text.sanitize_input
                0x000031f0       0x5c ./src/main.o
                0x000031f0                sanitize_input
 .text.OSC_SetExtRefClkConfig
                0x0000324c       0x3e ./drivers/fsl_clock.o
 .text.OSC_SetCapLoad
                0x0000328a       0x42 ./drivers/fsl_clock.o
 .text.CLOCK_GetPll0RefFreq
                0x000032cc       0x10 ./drivers/fsl_clock.o
 .text.CLOCK_SetExternalRefClkConfig
                0x000032dc       0x16 ./drivers/fsl_clock.o
                0x000032dc                CLOCK_SetExternalRefClkConfig
 .text.LPSCI_GetStatusFlags
                0x000032f2       0x26 ./drivers/fsl_lpsci.o
                0x000032f2                LPSCI_GetStatusFlags
 .text.UART_GetStatusFlags
                0x00003318       0x26 ./drivers/fsl_uart.o
                0x00003318                UART_GetStatusFlags
 .text.UART_WriteBlocking
                0x0000333e       0x3a ./drivers/fsl_uart.o
                0x0000333e                UART_WriteBlocking
 .text.__main   0x00003378        0xc c:/nxp/mcuxpressoide_10.3.0_2200/ide/plugins/com.nxp.mcuxpresso.tools.win32_10.3.0.201811011841/tools/bin/../lib/gcc/arm-none-eabi/7.3.1/../../../../arm-none-eabi/lib/thumb/v6-m\libcr_nohost_nf.a(_cr__main.o)
                0x00003378                __main
 .text.memcpy   0x00003384        0x8 c:/nxp/mcuxpressoide_10.3.0_2200/ide/plugins/com.nxp.mcuxpresso.tools.win32_10.3.0.201811011841/tools/bin/../lib/gcc/arm-none-eabi/7.3.1/../../../../arm-none-eabi/lib/thumb/v6-m\libcr_c.a(memcpy.o)
                0x00003384                memcpy
 .text.memset   0x0000338c        0x8 c:/nxp/mcuxpressoide_10.3.0_2200/ide/plugins/com.nxp.mcuxpresso.tools.win32_10.3.0.201811011841/tools/bin/../lib/gcc/arm-none-eabi/7.3.1/../../../../arm-none-eabi/lib/thumb/v6-m\libcr_c.a(memset.o)
                0x0000338c                memset
 .text.free     0x00003394       0x2c c:/nxp/mcuxpressoide_10.3.0_2200/ide/plugins/com.nxp.mcuxpresso.tools.win32_10.3.0.201811011841/tools/bin/../lib/gcc/arm-none-eabi/7.3.1/../../../../arm-none-eabi/lib/thumb/v6-m\libcr_c.a(alloc.o)
                0x00003394                free
 .text.calloc   0x000033c0       0x50 c:/nxp/mcuxpressoide_10.3.0_2200/ide/plugins/com.nxp.mcuxpresso.tools.win32_10.3.0.201811011841/tools/bin/../lib/gcc/arm-none-eabi/7.3.1/../../../../arm-none-eabi/lib/thumb/v6-m\libcr_c.a(alloc.o)
                0x000033c0                calloc
 .text.realloc  0x00003410       0x26 c:/nxp/mcuxpressoide_10.3.0_2200/ide/plugins/com.nxp.mcuxpresso.tools.win32_10.3.0.201811011841/tools/bin/../lib/gcc/arm-none-eabi/7.3.1/../../../../arm-none-eabi/lib/thumb/v6-m\libcr_c.a(alloc.o)
                0x00003410                realloc
 .text.remove   0x00003436       0x12 c:/nxp/mcuxpressoide_10.3.0_2200/ide/plugins/com.nxp.mcuxpresso.tools.win32_10.3.0.201811011841/tools/bin/../lib/gcc/arm-none-eabi/7.3.1/../../../../arm-none-eabi/lib/thumb/v6-m\libcr_c.a(remove.o)
                0x00003436                remove
 .text.__aeabi_division_idivmod
                0x00003448       0x78 c:/nxp/mcuxpressoide_10.3.0_2200/ide/plugins/com.nxp.mcuxpresso.tools.win32_10.3.0.201811011841/tools/bin/../lib/gcc/arm-none-eabi/7.3.1/thumb/v6-m\libcr_eabihelpers.a(division_32.o)
                0x00003448                __aeabi_idivmod
                0x00003448                __aeabi_idiv
                0x0000344e                __aeabi_uidivmod
                0x0000344e                __aeabi_uidiv
 .text.__aeabi_division_idiv0
                0x000034c0        0x2 c:/nxp/mcuxpressoide_10.3.0_2200/ide/plugins/com.nxp.mcuxpresso.tools.win32_10.3.0.201811011841/tools/bin/../lib/gcc/arm-none-eabi/7.3.1/thumb/v6-m\libcr_eabihelpers.a(division_idiv0.o)
                0x000034c0                __aeabi_idiv0
 .text.__aeabi_memcpy
                0x000034c2       0x2c c:/nxp/mcuxpressoide_10.3.0_2200/ide/plugins/com.nxp.mcuxpresso.tools.win32_10.3.0.201811011841/tools/bin/../lib/gcc/arm-none-eabi/7.3.1/thumb/v6-m\libcr_eabihelpers.a(memcpy.o)
                0x000034c2                __aeabi_memcpy4
                0x000034c2                __aeabi_memcpy8
                0x000034c2                __aeabi_memcpy
 .text.__aeabi_memset_lowlevel
                0x000034ee       0x2a c:/nxp/mcuxpressoide_10.3.0_2200/ide/plugins/com.nxp.mcuxpresso.tools.win32_10.3.0.201811011841/tools/bin/../lib/gcc/arm-none-eabi/7.3.1/thumb/v6-m\libcr_eabihelpers.a(memcpy.o)
                0x000034ee                __aeabi_lowlevel_memset
 .text.__sys_close
                0x00003518        0x6 c:/nxp/mcuxpressoide_10.3.0_2200/ide/plugins/com.nxp.mcuxpresso.tools.win32_10.3.0.201811011841/tools/bin/../lib/gcc/arm-none-eabi/7.3.1/../../../../arm-none-eabi/lib/thumb/v6-m\libcr_nohost_nf.a(__sys_close.o)
                0x00003518                __sys_close
 .text.__sys_flen
                0x0000351e        0x6 c:/nxp/mcuxpressoide_10.3.0_2200/ide/plugins/com.nxp.mcuxpresso.tools.win32_10.3.0.201811011841/tools/bin/../lib/gcc/arm-none-eabi/7.3.1/../../../../arm-none-eabi/lib/thumb/v6-m\libcr_nohost_nf.a(__sys_flen.o)
                0x0000351e                __sys_flen
 .text.__sys_istty
                0x00003524        0x6 c:/nxp/mcuxpressoide_10.3.0_2200/ide/plugins/com.nxp.mcuxpresso.tools.win32_10.3.0.201811011841/tools/bin/../lib/gcc/arm-none-eabi/7.3.1/../../../../arm-none-eabi/lib/thumb/v6-m\libcr_nohost_nf.a(__sys_istty.o)
                0x00003524                __sys_istty
 .text.__sys_remove
                0x0000352a        0x6 c:/nxp/mcuxpressoide_10.3.0_2200/ide/plugins/com.nxp.mcuxpresso.tools.win32_10.3.0.201811011841/tools/bin/../lib/gcc/arm-none-eabi/7.3.1/../../../../arm-none-eabi/lib/thumb/v6-m\libcr_nohost_nf.a(__sys_remove.o)
                0x0000352a                __sys_remove
 .text.__sys_seek
                0x00003530        0x6 c:/nxp/mcuxpressoide_10.3.0_2200/ide/plugins/com.nxp.mcuxpresso.tools.win32_10.3.0.201811011841/tools/bin/../lib/gcc/arm-none-eabi/7.3.1/../../../../arm-none-eabi/lib/thumb/v6-m\libcr_nohost_nf.a(__sys_seek.o)
                0x00003530                __sys_seek
 .text.__sys_tmpnam
                0x00003536        0x6 c:/nxp/mcuxpressoide_10.3.0_2200/ide/plugins/com.nxp.mcuxpresso.tools.win32_10.3.0.201811011841/tools/bin/../lib/gcc/arm-none-eabi/7.3.1/../../../../arm-none-eabi/lib/thumb/v6-m\libcr_nohost_nf.a(__sys_tmpnam.o)
                0x00003536                __sys_tmpnam
 *(SORT_BY_ALIGNMENT(.rodata) SORT_BY_ALIGNMENT(.rodata.*) SORT_BY_ALIGNMENT(.constdata) SORT_BY_ALIGNMENT(.constdata.*))
 .rodata.DbgConsole_ScanfFormattedData
                0x0000353c      0x124 ./utilities/fsl_debug_console.o
 .rodata        0x00003660       0xa7 ./src/allocate.o
 *fill*         0x00003707        0x1 ff
 .rodata        0x00003708       0x32 ./src/display.o
 *fill*         0x0000373a        0x2 ff
 .rodata        0x0000373c        0xd ./src/exit_pgm.o
 *fill*         0x00003749        0x3 ff
 .rodata        0x0000374c        0xf ./src/free_mem.o
 *fill*         0x0000375b        0x1 ff
 .rodata        0x0000375c      0x26e ./src/help.o
 *fill*         0x000039ca        0x2 ff
 .rodata        0x000039cc       0xf6 ./src/invert.o
 *fill*         0x00003ac2        0x2 ff
 .rodata        0x00003ac4      0x137 ./src/main.o
 *fill*         0x00003bfb        0x1 ff
 .rodata.cmd    0x00003bfc       0xb8 ./src/main.o
 .rodata        0x00003cb4       0x33 ./src/pattern.o
 *fill*         0x00003ce7        0x1 ff
 .rodata        0x00003ce8       0x74 ./src/verify.o
 .rodata        0x00003d5c       0xea ./src/write.o
 *fill*         0x00003e46        0x2 ff
 .rodata        0x00003e48      0x11d ./drivers/fsl_clock.o
 *fill*         0x00003f65        0x3 ff
 .rodata.fllFactorTable.5188
                0x00003f68       0x10 ./drivers/fsl_clock.o
 .rodata        0x00003f78        0x4 ./drivers/fsl_common.o
 .rodata        0x00003f7c      0x48c ./drivers/fsl_lpsci.o
 .rodata.s_uartBases
                0x00004408        0xc ./drivers/fsl_uart.o
 .rodata.s_uartClock
                0x00004414        0xc ./drivers/fsl_uart.o
 .rodata        0x00004420      0x45b ./drivers/fsl_uart.o
 *fill*         0x0000487b        0x1 ff
 .rodata.mcgConfig_BOARD_BootClockRUN
                0x0000487c        0xa ./board/clock_config.o
                0x0000487c                mcgConfig_BOARD_BootClockRUN
 *fill*         0x00004886        0x2 ff
 .rodata.simConfig_BOARD_BootClockRUN
                0x00004888        0x8 ./board/clock_config.o
                0x00004888                simConfig_BOARD_BootClockRUN
 .rodata.oscConfig_BOARD_BootClockRUN
                0x00004890        0x8 ./board/clock_config.o
                0x00004890                oscConfig_BOARD_BootClockRUN
 .rodata.__num_Ciob_streams
                0x00004898        0x4 c:/nxp/mcuxpressoide_10.3.0_2200/ide/plugins/com.nxp.mcuxpresso.tools.win32_10.3.0.201811011841/tools/bin/../lib/gcc/arm-none-eabi/7.3.1/../../../../arm-none-eabi/lib/thumb/v6-m\libcr_nohost_nf.a(__ciob.o)
                0x00004898                __num_Ciob_streams
 .rodata._initio.str1.1
                0x0000489c        0x4 c:/nxp/mcuxpressoide_10.3.0_2200/ide/plugins/com.nxp.mcuxpresso.tools.win32_10.3.0.201811011841/tools/bin/../lib/gcc/arm-none-eabi/7.3.1/../../../../arm-none-eabi/lib/thumb/v6-m\libcr_c.a(initio.o)
                0x000048a0                . = ALIGN (0x4)

.glue_7         0x000048a0        0x0
 .glue_7        0x000048a0        0x0 linker stubs

.glue_7t        0x000048a0        0x0
 .glue_7t       0x000048a0        0x0 linker stubs

.vfp11_veneer   0x000048a0        0x0
 .vfp11_veneer  0x000048a0        0x0 linker stubs

.v4_bx          0x000048a0        0x0
 .v4_bx         0x000048a0        0x0 linker stubs

.iplt           0x000048a0        0x0
 .iplt          0x000048a0        0x0 ./utilities/fsl_debug_console.o

.rel.dyn        0x000048a0        0x0
 .rel.iplt      0x000048a0        0x0 ./utilities/fsl_debug_console.o

.ARM.extab
 *(SORT_BY_ALIGNMENT(.ARM.extab*) SORT_BY_ALIGNMENT(.gnu.linkonce.armextab.*))
                0x000048a0                __exidx_start = .

.ARM.exidx
 *(SORT_BY_ALIGNMENT(.ARM.exidx*) SORT_BY_ALIGNMENT(.gnu.linkonce.armexidx.*))
                0x000048a0                __exidx_end = .
                0x000048a0                _etext = .

.m_usb_data
 *(SORT_BY_ALIGNMENT(m_usb_bdt))

.mtb_buffer_default
                0x1ffff000       0x80
 *(SORT_BY_ALIGNMENT(.mtb*))
 .mtb.$RAM1     0x1ffff000       0x80 ./src/mtb.o
                0x1ffff000                __mtb_buffer__

.uninit_RESERVED
                0x1ffff080        0x0
 *(SORT_BY_ALIGNMENT(.bss.$RESERVED*))
                0x1ffff080                . = ALIGN (0x4)
                0x1ffff080                _end_uninit_RESERVED = .

.data           0x1ffff080        0x8 load address 0x000048a0
 FILL mask 0xff
                0x1ffff080                _data = .
 *(SORT_BY_ALIGNMENT(vtable))
 *(SORT_BY_ALIGNMENT(.ramfunc*))
 *(SORT_BY_ALIGNMENT(.data*))
 .data.s_slowIrcFreq
                0x1ffff080        0x4 ./drivers/fsl_clock.o
 .data.SystemCoreClock
                0x1ffff084        0x4 ./CMSIS/system_MKL25Z4.o
                0x1ffff084                SystemCoreClock
                0x1ffff088                . = ALIGN (0x4)
                0x1ffff088                _edata = .

.igot.plt       0x1ffff088        0x0 load address 0x000048a8
 .igot.plt      0x1ffff088        0x0 ./utilities/fsl_debug_console.o

.bss            0x1ffff088      0x100 load address 0x000048a8
                0x1ffff088                _bss = .
 *(SORT_BY_ALIGNMENT(.bss*))
 .bss.s_debugConsole
                0x1ffff088       0x10 ./utilities/fsl_debug_console.o
 .bss.ptr       0x1ffff098        0x4 ./src/allocate.o
                0x1ffff098                ptr
 .bss.len       0x1ffff09c        0x4 ./src/allocate.o
                0x1ffff09c                len
 .bss.t         0x1ffff0a0        0x4 ./src/main.o
                0x1ffff0a0                t
 .bss.clk       0x1ffff0a4        0x4 ./src/main.o
                0x1ffff0a4                clk
 .bss.g_xtal0Freq
                0x1ffff0a8        0x4 ./drivers/fsl_clock.o
                0x1ffff0a8                g_xtal0Freq
 .bss.s_lpsciHandle
                0x1ffff0ac        0x4 ./drivers/fsl_lpsci.o
 .bss.s_lpsciIsr
                0x1ffff0b0        0x4 ./drivers/fsl_lpsci.o
 .bss.s_uartHandle
                0x1ffff0b4        0xc ./drivers/fsl_uart.o
 .bss.s_uartIsr
                0x1ffff0c0        0x4 ./drivers/fsl_uart.o
 .bss.__end_of_heap
                0x1ffff0c4        0x4 c:/nxp/mcuxpressoide_10.3.0_2200/ide/plugins/com.nxp.mcuxpresso.tools.win32_10.3.0.201811011841/tools/bin/../lib/gcc/arm-none-eabi/7.3.1/../../../../arm-none-eabi/lib/thumb/v6-m\libcr_c.a(__init_alloc.o)
                0x1ffff0c4                __end_of_heap
 .bss.__heaps   0x1ffff0c8        0x4 c:/nxp/mcuxpressoide_10.3.0_2200/ide/plugins/com.nxp.mcuxpresso.tools.win32_10.3.0.201811011841/tools/bin/../lib/gcc/arm-none-eabi/7.3.1/../../../../arm-none-eabi/lib/thumb/v6-m\libcr_c.a(__init_alloc.o)
                0x1ffff0c8                __heaps
 .bss.errno     0x1ffff0cc        0x4 c:/nxp/mcuxpressoide_10.3.0_2200/ide/plugins/com.nxp.mcuxpresso.tools.win32_10.3.0.201811011841/tools/bin/../lib/gcc/arm-none-eabi/7.3.1/../../../../arm-none-eabi/lib/thumb/v6-m\libcr_c.a(errno.o)
                0x1ffff0cc                errno
 .bss.__Ciob    0x1ffff0d0       0xb4 c:/nxp/mcuxpressoide_10.3.0_2200/ide/plugins/com.nxp.mcuxpresso.tools.win32_10.3.0.201811011841/tools/bin/../lib/gcc/arm-none-eabi/7.3.1/../../../../arm-none-eabi/lib/thumb/v6-m\libcr_nohost_nf.a(__ciob.o)
                0x1ffff0d0                __Ciob
 .bss.stay      0x1ffff184        0x1 ./src/exit_pgm.o
                0x1ffff184                stay
 *(SORT_BY_ALIGNMENT(COMMON))
                0x1ffff188                . = ALIGN (0x4)
 *fill*         0x1ffff185        0x3 
                0x1ffff188                _ebss = .
                [!provide]                PROVIDE (end = .)

.noinit         0x1ffff188        0x0 load address 0x000048a8
                0x1ffff188                _noinit = .
 *(SORT_BY_ALIGNMENT(.noinit*))
                0x1ffff188                . = ALIGN (0x4)
                0x1ffff188                _end_noinit = .
                0x00000400                _HeapSize = 0x400

.heap           0x1ffff188      0x400 load address 0x000048a8
                0x1ffff188                _pvHeapStart = .
                0x1ffff588                . = (. + _HeapSize)
 *fill*         0x1ffff188      0x400 
                0x1ffff588                . = ALIGN (0x4)
                0x1ffff588                _pvHeapLimit = .
                0x00000400                _StackSize = 0x400

.heap2stackfill
                0x1ffff588      0x400 load address 0x000048a8
                0x1ffff988                . = (. + _StackSize)
 *fill*         0x1ffff588      0x400 

.stack          0x20002c00        0x0
                0x20002c00                _vStackBase = .
                0x20002c00                . = ALIGN (0x4)
                0x20003000                _vStackTop = (. + _StackSize)
                0x00000000                _image_start = LOADADDR (.text)
                0x000048a8                _image_end = (LOADADDR (.data) + SIZEOF (.data))
                0x000048a8                _image_size = (_image_end - _image_start)
OUTPUT(New_POOP.axf elf32-littlearm)

.debug_info     0x00000000     0x8a6f
 .debug_info    0x00000000      0xddd ./utilities/fsl_debug_console.o
 .debug_info    0x00000ddd      0x497 ./startup/startup_mkl25z4.o
 .debug_info    0x00001274      0x2a4 ./src/allocate.o
 .debug_info    0x00001518      0x130 ./src/display.o
 .debug_info    0x00001648      0x293 ./src/exit_pgm.o
 .debug_info    0x000018db      0x10e ./src/free_mem.o
 .debug_info    0x000019e9       0xde ./src/help.o
 .debug_info    0x00001ac7      0x164 ./src/invert.o
 .debug_info    0x00001c2b      0xa35 ./src/main.o
 .debug_info    0x00002660       0x4e ./src/mtb.o
 .debug_info    0x000026ae      0x136 ./src/pattern.o
 .debug_info    0x000027e4      0x15d ./src/retarget_itm.o
 .debug_info    0x00002941       0x37 ./src/semihost_hardfault.o
 .debug_info    0x00002978      0x14f ./src/verify.o
 .debug_info    0x00002ac7      0x12b ./src/write.o
 .debug_info    0x00002bf2     0x195e ./drivers/fsl_clock.o
 .debug_info    0x00004550      0x41e ./drivers/fsl_common.o
 .debug_info    0x0000496e     0x1388 ./drivers/fsl_lpsci.o
 .debug_info    0x00005cf6     0x1332 ./drivers/fsl_uart.o
 .debug_info    0x00007028      0x692 ./board/board.o
 .debug_info    0x000076ba      0xa66 ./board/clock_config.o
 .debug_info    0x00008120      0x555 ./board/pin_mux.o
 .debug_info    0x00008675      0x3fa ./CMSIS/system_MKL25Z4.o

.debug_abbrev   0x00000000     0x1f5b
 .debug_abbrev  0x00000000      0x291 ./utilities/fsl_debug_console.o
 .debug_abbrev  0x00000291      0x16a ./startup/startup_mkl25z4.o
 .debug_abbrev  0x000003fb       0xd8 ./src/allocate.o
 .debug_abbrev  0x000004d3       0xb8 ./src/display.o
 .debug_abbrev  0x0000058b       0xc9 ./src/exit_pgm.o
 .debug_abbrev  0x00000654       0xa0 ./src/free_mem.o
 .debug_abbrev  0x000006f4       0x8f ./src/help.o
 .debug_abbrev  0x00000783       0xb8 ./src/invert.o
 .debug_abbrev  0x0000083b      0x273 ./src/main.o
 .debug_abbrev  0x00000aae       0x41 ./src/mtb.o
 .debug_abbrev  0x00000aef       0xbe ./src/pattern.o
 .debug_abbrev  0x00000bad       0xc9 ./src/retarget_itm.o
 .debug_abbrev  0x00000c76       0x2c ./src/semihost_hardfault.o
 .debug_abbrev  0x00000ca2       0xbe ./src/verify.o
 .debug_abbrev  0x00000d60       0xbe ./src/write.o
 .debug_abbrev  0x00000e1e      0x326 ./drivers/fsl_clock.o
 .debug_abbrev  0x00001144      0x247 ./drivers/fsl_common.o
 .debug_abbrev  0x0000138b      0x2ca ./drivers/fsl_lpsci.o
 .debug_abbrev  0x00001655      0x2e2 ./drivers/fsl_uart.o
 .debug_abbrev  0x00001937      0x164 ./board/board.o
 .debug_abbrev  0x00001a9b      0x1f1 ./board/clock_config.o
 .debug_abbrev  0x00001c8c      0x196 ./board/pin_mux.o
 .debug_abbrev  0x00001e22      0x139 ./CMSIS/system_MKL25Z4.o

.debug_aranges  0x00000000      0x8f0
 .debug_aranges
                0x00000000       0x90 ./utilities/fsl_debug_console.o
 .debug_aranges
                0x00000090      0x160 ./startup/startup_mkl25z4.o
 .debug_aranges
                0x000001f0       0x20 ./src/allocate.o
 .debug_aranges
                0x00000210       0x20 ./src/display.o
 .debug_aranges
                0x00000230       0x20 ./src/exit_pgm.o
 .debug_aranges
                0x00000250       0x20 ./src/free_mem.o
 .debug_aranges
                0x00000270       0x20 ./src/help.o
 .debug_aranges
                0x00000290       0x20 ./src/invert.o
 .debug_aranges
                0x000002b0       0x58 ./src/main.o
 .debug_aranges
                0x00000308       0x18 ./src/mtb.o
 .debug_aranges
                0x00000320       0x20 ./src/pattern.o
 .debug_aranges
                0x00000340       0x28 ./src/retarget_itm.o
 .debug_aranges
                0x00000368       0x20 ./src/semihost_hardfault.o
 .debug_aranges
                0x00000388       0x20 ./src/verify.o
 .debug_aranges
                0x000003a8       0x20 ./src/write.o
 .debug_aranges
                0x000003c8      0x1d8 ./drivers/fsl_clock.o
 .debug_aranges
                0x000005a0       0x38 ./drivers/fsl_common.o
 .debug_aranges
                0x000005d8      0x118 ./drivers/fsl_lpsci.o
 .debug_aranges
                0x000006f0      0x130 ./drivers/fsl_uart.o
 .debug_aranges
                0x00000820       0x28 ./board/board.o
 .debug_aranges
                0x00000848       0x50 ./board/clock_config.o
 .debug_aranges
                0x00000898       0x30 ./board/pin_mux.o
 .debug_aranges
                0x000008c8       0x28 ./CMSIS/system_MKL25Z4.o

.debug_ranges   0x00000000      0x778
 .debug_ranges  0x00000000       0x80 ./utilities/fsl_debug_console.o
 .debug_ranges  0x00000080      0x150 ./startup/startup_mkl25z4.o
 .debug_ranges  0x000001d0       0x10 ./src/allocate.o
 .debug_ranges  0x000001e0       0x10 ./src/display.o
 .debug_ranges  0x000001f0       0x10 ./src/exit_pgm.o
 .debug_ranges  0x00000200       0x10 ./src/free_mem.o
 .debug_ranges  0x00000210       0x10 ./src/help.o
 .debug_ranges  0x00000220       0x10 ./src/invert.o
 .debug_ranges  0x00000230       0x48 ./src/main.o
 .debug_ranges  0x00000278       0x10 ./src/pattern.o
 .debug_ranges  0x00000288       0x18 ./src/retarget_itm.o
 .debug_ranges  0x000002a0       0x10 ./src/semihost_hardfault.o
 .debug_ranges  0x000002b0       0x10 ./src/verify.o
 .debug_ranges  0x000002c0       0x10 ./src/write.o
 .debug_ranges  0x000002d0      0x1c8 ./drivers/fsl_clock.o
 .debug_ranges  0x00000498       0x28 ./drivers/fsl_common.o
 .debug_ranges  0x000004c0      0x108 ./drivers/fsl_lpsci.o
 .debug_ranges  0x000005c8      0x120 ./drivers/fsl_uart.o
 .debug_ranges  0x000006e8       0x18 ./board/board.o
 .debug_ranges  0x00000700       0x40 ./board/clock_config.o
 .debug_ranges  0x00000740       0x20 ./board/pin_mux.o
 .debug_ranges  0x00000760       0x18 ./CMSIS/system_MKL25Z4.o

.debug_line     0x00000000     0x3c76
 .debug_line    0x00000000      0x636 ./utilities/fsl_debug_console.o
 .debug_line    0x00000636      0x128 ./startup/startup_mkl25z4.o
 .debug_line    0x0000075e      0x1bc ./src/allocate.o
 .debug_line    0x0000091a      0x1ad ./src/display.o
 .debug_line    0x00000ac7      0x1ba ./src/exit_pgm.o
 .debug_line    0x00000c81      0x19e ./src/free_mem.o
 .debug_line    0x00000e1f      0x18b ./src/help.o
 .debug_line    0x00000faa      0x1ce ./src/invert.o
 .debug_line    0x00001178      0x2f1 ./src/main.o
 .debug_line    0x00001469       0x2d ./src/mtb.o
 .debug_line    0x00001496      0x19d ./src/pattern.o
 .debug_line    0x00001633      0x193 ./src/retarget_itm.o
 .debug_line    0x000017c6       0x51 ./src/semihost_hardfault.o
 .debug_line    0x00001817      0x1b1 ./src/verify.o
 .debug_line    0x000019c8      0x1ab ./src/write.o
 .debug_line    0x00001b73      0x938 ./drivers/fsl_clock.o
 .debug_line    0x000024ab      0x246 ./drivers/fsl_common.o
 .debug_line    0x000026f1      0x6eb ./drivers/fsl_lpsci.o
 .debug_line    0x00002ddc      0x6ee ./drivers/fsl_uart.o
 .debug_line    0x000034ca      0x1bb ./board/board.o
 .debug_line    0x00003685      0x255 ./board/clock_config.o
 .debug_line    0x000038da      0x1d3 ./board/pin_mux.o
 .debug_line    0x00003aad      0x1c9 ./CMSIS/system_MKL25Z4.o

.debug_str      0x00000000     0x3cb5
 .debug_str     0x00000000      0xcd6 ./utilities/fsl_debug_console.o
                                0xd55 (size before relaxing)
 .debug_str     0x00000cd6      0x394 ./startup/startup_mkl25z4.o
                                0x4ba (size before relaxing)
 .debug_str     0x0000106a       0x21 ./src/allocate.o
                                0x691 (size before relaxing)
 .debug_str     0x0000108b       0x19 ./src/display.o
                                0x214 (size before relaxing)
 .debug_str     0x000010a4       0x20 ./src/exit_pgm.o
                                0x690 (size before relaxing)
 .debug_str     0x000010c4       0x1b ./src/free_mem.o
                                0x20f (size before relaxing)
 .debug_str     0x000010df       0x13 ./src/help.o
                                0x207 (size before relaxing)
 .debug_str     0x000010f2       0x17 ./src/invert.o
                                0x212 (size before relaxing)
 .debug_str     0x00001109      0x625 ./src/main.o
                                0xce3 (size before relaxing)
 .debug_str     0x0000172e       0x1c ./src/mtb.o
                                0x141 (size before relaxing)
 .debug_str     0x0000174a       0x28 ./src/pattern.o
                                0x21c (size before relaxing)
 .debug_str     0x00001772       0x58 ./src/retarget_itm.o
                                0x238 (size before relaxing)
 .debug_str     0x000017ca       0x1c ./src/semihost_hardfault.o
                                0x141 (size before relaxing)
 .debug_str     0x000017e6       0x17 ./src/verify.o
                                0x222 (size before relaxing)
 .debug_str     0x000017fd       0x16 ./src/write.o
                                0x210 (size before relaxing)
 .debug_str     0x00001813      0xde5 ./drivers/fsl_clock.o
                               0x17e5 (size before relaxing)
 .debug_str     0x000025f8      0x113 ./drivers/fsl_common.o
                                0x507 (size before relaxing)
 .debug_str     0x0000270b      0x97f ./drivers/fsl_lpsci.o
                               0x15ad (size before relaxing)
 .debug_str     0x0000308a      0x819 ./drivers/fsl_uart.o
                               0x15b9 (size before relaxing)
 .debug_str     0x000038a3       0x4c ./board/board.o
                                0x68e (size before relaxing)
 .debug_str     0x000038ef      0x222 ./board/clock_config.o
                                0xdb7 (size before relaxing)
 .debug_str     0x00003b11      0x155 ./board/pin_mux.o
                                0x5c2 (size before relaxing)
 .debug_str     0x00003c66       0x4f ./CMSIS/system_MKL25Z4.o
                                0x326 (size before relaxing)

.comment        0x00000000       0x7f
 .comment       0x00000000       0x7f ./utilities/fsl_debug_console.o
                                 0x80 (size before relaxing)
 .comment       0x0000007f       0x80 ./startup/startup_mkl25z4.o
 .comment       0x0000007f       0x80 ./src/allocate.o
 .comment       0x0000007f       0x80 ./src/display.o
 .comment       0x0000007f       0x80 ./src/exit_pgm.o
 .comment       0x0000007f       0x80 ./src/free_mem.o
 .comment       0x0000007f       0x80 ./src/help.o
 .comment       0x0000007f       0x80 ./src/invert.o
 .comment       0x0000007f       0x80 ./src/main.o
 .comment       0x0000007f       0x80 ./src/mtb.o
 .comment       0x0000007f       0x80 ./src/pattern.o
 .comment       0x0000007f       0x80 ./src/retarget_itm.o
 .comment       0x0000007f       0x80 ./src/semihost_hardfault.o
 .comment       0x0000007f       0x80 ./src/verify.o
 .comment       0x0000007f       0x80 ./src/write.o
 .comment       0x0000007f       0x80 ./drivers/fsl_clock.o
 .comment       0x0000007f       0x80 ./drivers/fsl_common.o
 .comment       0x0000007f       0x80 ./drivers/fsl_lpsci.o
 .comment       0x0000007f       0x80 ./drivers/fsl_uart.o
 .comment       0x0000007f       0x80 ./board/board.o
 .comment       0x0000007f       0x80 ./board/clock_config.o
 .comment       0x0000007f       0x80 ./board/pin_mux.o
 .comment       0x0000007f       0x80 ./CMSIS/system_MKL25Z4.o
 .comment       0x0000007f       0x80 c:/nxp/mcuxpressoide_10.3.0_2200/ide/plugins/com.nxp.mcuxpresso.tools.win32_10.3.0.201811011841/tools/bin/../lib/gcc/arm-none-eabi/7.3.1/../../../../arm-none-eabi/lib/thumb/v6-m\libcr_nohost_nf.a(_cr__main.o)
 .comment       0x0000007f       0x80 c:/nxp/mcuxpressoide_10.3.0_2200/ide/plugins/com.nxp.mcuxpresso.tools.win32_10.3.0.201811011841/tools/bin/../lib/gcc/arm-none-eabi/7.3.1/../../../../arm-none-eabi/lib/thumb/v6-m\libcr_c.a(memcpy.o)
 .comment       0x0000007f       0x80 c:/nxp/mcuxpressoide_10.3.0_2200/ide/plugins/com.nxp.mcuxpresso.tools.win32_10.3.0.201811011841/tools/bin/../lib/gcc/arm-none-eabi/7.3.1/../../../../arm-none-eabi/lib/thumb/v6-m\libcr_c.a(memset.o)
 .comment       0x0000007f       0x80 c:/nxp/mcuxpressoide_10.3.0_2200/ide/plugins/com.nxp.mcuxpresso.tools.win32_10.3.0.201811011841/tools/bin/../lib/gcc/arm-none-eabi/7.3.1/../../../../arm-none-eabi/lib/thumb/v6-m\libcr_c.a(alloc.o)
 .comment       0x0000007f       0x80 c:/nxp/mcuxpressoide_10.3.0_2200/ide/plugins/com.nxp.mcuxpresso.tools.win32_10.3.0.201811011841/tools/bin/../lib/gcc/arm-none-eabi/7.3.1/../../../../arm-none-eabi/lib/thumb/v6-m\libcr_c.a(initio.o)
 .comment       0x0000007f       0x80 c:/nxp/mcuxpressoide_10.3.0_2200/ide/plugins/com.nxp.mcuxpresso.tools.win32_10.3.0.201811011841/tools/bin/../lib/gcc/arm-none-eabi/7.3.1/../../../../arm-none-eabi/lib/thumb/v6-m\libcr_c.a(setvbuf.o)
 .comment       0x0000007f       0x80 c:/nxp/mcuxpressoide_10.3.0_2200/ide/plugins/com.nxp.mcuxpresso.tools.win32_10.3.0.201811011841/tools/bin/../lib/gcc/arm-none-eabi/7.3.1/../../../../arm-none-eabi/lib/thumb/v6-m\libcr_c.a(strlen.o)
 .comment       0x0000007f       0x80 c:/nxp/mcuxpressoide_10.3.0_2200/ide/plugins/com.nxp.mcuxpresso.tools.win32_10.3.0.201811011841/tools/bin/../lib/gcc/arm-none-eabi/7.3.1/../../../../arm-none-eabi/lib/thumb/v6-m\libcr_c.a(strncmp.o)
 .comment       0x0000007f       0x80 c:/nxp/mcuxpressoide_10.3.0_2200/ide/plugins/com.nxp.mcuxpresso.tools.win32_10.3.0.201811011841/tools/bin/../lib/gcc/arm-none-eabi/7.3.1/../../../../arm-none-eabi/lib/thumb/v6-m\libcr_c.a(__init_alloc.o)
 .comment       0x0000007f       0x80 c:/nxp/mcuxpressoide_10.3.0_2200/ide/plugins/com.nxp.mcuxpresso.tools.win32_10.3.0.201811011841/tools/bin/../lib/gcc/arm-none-eabi/7.3.1/../../../../arm-none-eabi/lib/thumb/v6-m\libcr_c.a(_cr_sbrk.o)
 .comment       0x0000007f       0x80 c:/nxp/mcuxpressoide_10.3.0_2200/ide/plugins/com.nxp.mcuxpresso.tools.win32_10.3.0.201811011841/tools/bin/../lib/gcc/arm-none-eabi/7.3.1/../../../../arm-none-eabi/lib/thumb/v6-m\libcr_c.a(_fdopen.o)
 .comment       0x0000007f       0x80 c:/nxp/mcuxpressoide_10.3.0_2200/ide/plugins/com.nxp.mcuxpresso.tools.win32_10.3.0.201811011841/tools/bin/../lib/gcc/arm-none-eabi/7.3.1/../../../../arm-none-eabi/lib/thumb/v6-m\libcr_c.a(errno.o)
 .comment       0x0000007f       0x80 c:/nxp/mcuxpressoide_10.3.0_2200/ide/plugins/com.nxp.mcuxpresso.tools.win32_10.3.0.201811011841/tools/bin/../lib/gcc/arm-none-eabi/7.3.1/../../../../arm-none-eabi/lib/thumb/v6-m\libcr_c.a(fclose.o)
 .comment       0x0000007f       0x80 c:/nxp/mcuxpressoide_10.3.0_2200/ide/plugins/com.nxp.mcuxpresso.tools.win32_10.3.0.201811011841/tools/bin/../lib/gcc/arm-none-eabi/7.3.1/../../../../arm-none-eabi/lib/thumb/v6-m\libcr_c.a(fflush.o)
 .comment       0x0000007f       0x80 c:/nxp/mcuxpressoide_10.3.0_2200/ide/plugins/com.nxp.mcuxpresso.tools.win32_10.3.0.201811011841/tools/bin/../lib/gcc/arm-none-eabi/7.3.1/../../../../arm-none-eabi/lib/thumb/v6-m\libcr_c.a(fseek.o)
 .comment       0x0000007f       0x80 c:/nxp/mcuxpressoide_10.3.0_2200/ide/plugins/com.nxp.mcuxpresso.tools.win32_10.3.0.201811011841/tools/bin/../lib/gcc/arm-none-eabi/7.3.1/../../../../arm-none-eabi/lib/thumb/v6-m\libcr_c.a(ftell.o)
 .comment       0x0000007f       0x80 c:/nxp/mcuxpressoide_10.3.0_2200/ide/plugins/com.nxp.mcuxpresso.tools.win32_10.3.0.201811011841/tools/bin/../lib/gcc/arm-none-eabi/7.3.1/../../../../arm-none-eabi/lib/thumb/v6-m\libcr_c.a(remove.o)
 .comment       0x0000007f       0x80 c:/nxp/mcuxpressoide_10.3.0_2200/ide/plugins/com.nxp.mcuxpresso.tools.win32_10.3.0.201811011841/tools/bin/../lib/gcc/arm-none-eabi/7.3.1/../../../../arm-none-eabi/lib/thumb/v6-m\libcr_c.a(_cr_check_heap.o)
 .comment       0x0000007f       0x80 c:/nxp/mcuxpressoide_10.3.0_2200/ide/plugins/com.nxp.mcuxpresso.tools.win32_10.3.0.201811011841/tools/bin/../lib/gcc/arm-none-eabi/7.3.1/../../../../arm-none-eabi/lib/thumb/v6-m\libcr_c.a(_do_fflush.o)
 .comment       0x0000007f       0x80 c:/nxp/mcuxpressoide_10.3.0_2200/ide/plugins/com.nxp.mcuxpresso.tools.win32_10.3.0.201811011841/tools/bin/../lib/gcc/arm-none-eabi/7.3.1/../../../../arm-none-eabi/lib/thumb/v6-m\libcr_c.a(_fflush.o)
 .comment       0x0000007f       0x80 c:/nxp/mcuxpressoide_10.3.0_2200/ide/plugins/com.nxp.mcuxpresso.tools.win32_10.3.0.201811011841/tools/bin/../lib/gcc/arm-none-eabi/7.3.1/../../../../arm-none-eabi/lib/thumb/v6-m\libcr_c.a(_writebuf.o)
 .comment       0x0000007f       0x80 c:/nxp/mcuxpressoide_10.3.0_2200/ide/plugins/com.nxp.mcuxpresso.tools.win32_10.3.0.201811011841/tools/bin/../lib/gcc/arm-none-eabi/7.3.1/../../../../arm-none-eabi/lib/thumb/v6-m\libcr_c.a(_deferredlazyseek.o)
 .comment       0x0000007f       0x80 c:/nxp/mcuxpressoide_10.3.0_2200/ide/plugins/com.nxp.mcuxpresso.tools.win32_10.3.0.201811011841/tools/bin/../lib/gcc/arm-none-eabi/7.3.1/../../../../arm-none-eabi/lib/thumb/v6-m\libcr_nohost_nf.a(__ciob.o)
 .comment       0x0000007f       0x80 c:/nxp/mcuxpressoide_10.3.0_2200/ide/plugins/com.nxp.mcuxpresso.tools.win32_10.3.0.201811011841/tools/bin/../lib/gcc/arm-none-eabi/7.3.1/../../../../arm-none-eabi/lib/thumb/v6-m\libcr_nohost_nf.a(__sys_close.o)
 .comment       0x0000007f       0x80 c:/nxp/mcuxpressoide_10.3.0_2200/ide/plugins/com.nxp.mcuxpresso.tools.win32_10.3.0.201811011841/tools/bin/../lib/gcc/arm-none-eabi/7.3.1/../../../../arm-none-eabi/lib/thumb/v6-m\libcr_nohost_nf.a(__sys_flen.o)
 .comment       0x0000007f       0x80 c:/nxp/mcuxpressoide_10.3.0_2200/ide/plugins/com.nxp.mcuxpresso.tools.win32_10.3.0.201811011841/tools/bin/../lib/gcc/arm-none-eabi/7.3.1/../../../../arm-none-eabi/lib/thumb/v6-m\libcr_nohost_nf.a(__sys_istty.o)
 .comment       0x0000007f       0x80 c:/nxp/mcuxpressoide_10.3.0_2200/ide/plugins/com.nxp.mcuxpresso.tools.win32_10.3.0.201811011841/tools/bin/../lib/gcc/arm-none-eabi/7.3.1/../../../../arm-none-eabi/lib/thumb/v6-m\libcr_nohost_nf.a(__sys_remove.o)
 .comment       0x0000007f       0x80 c:/nxp/mcuxpressoide_10.3.0_2200/ide/plugins/com.nxp.mcuxpresso.tools.win32_10.3.0.201811011841/tools/bin/../lib/gcc/arm-none-eabi/7.3.1/../../../../arm-none-eabi/lib/thumb/v6-m\libcr_nohost_nf.a(__sys_seek.o)
 .comment       0x0000007f       0x80 c:/nxp/mcuxpressoide_10.3.0_2200/ide/plugins/com.nxp.mcuxpresso.tools.win32_10.3.0.201811011841/tools/bin/../lib/gcc/arm-none-eabi/7.3.1/../../../../arm-none-eabi/lib/thumb/v6-m\libcr_nohost_nf.a(__sys_tmpnam.o)

.ARM.attributes
                0x00000000       0x30
 .ARM.attributes
                0x00000000       0x32 ./utilities/fsl_debug_console.o
 .ARM.attributes
                0x00000032       0x32 ./startup/startup_mkl25z4.o
 .ARM.attributes
                0x00000064       0x32 ./src/allocate.o
 .ARM.attributes
                0x00000096       0x32 ./src/display.o
 .ARM.attributes
                0x000000c8       0x32 ./src/exit_pgm.o
 .ARM.attributes
                0x000000fa       0x32 ./src/free_mem.o
 .ARM.attributes
                0x0000012c       0x32 ./src/help.o
 .ARM.attributes
                0x0000015e       0x32 ./src/invert.o
 .ARM.attributes
                0x00000190       0x32 ./src/main.o
 .ARM.attributes
                0x000001c2       0x32 ./src/mtb.o
 .ARM.attributes
                0x000001f4       0x32 ./src/pattern.o
 .ARM.attributes
                0x00000226       0x32 ./src/retarget_itm.o
 .ARM.attributes
                0x00000258       0x32 ./src/semihost_hardfault.o
 .ARM.attributes
                0x0000028a       0x32 ./src/verify.o
 .ARM.attributes
                0x000002bc       0x32 ./src/write.o
 .ARM.attributes
                0x000002ee       0x32 ./drivers/fsl_clock.o
 .ARM.attributes
                0x00000320       0x32 ./drivers/fsl_common.o
 .ARM.attributes
                0x00000352       0x32 ./drivers/fsl_lpsci.o
 .ARM.attributes
                0x00000384       0x32 ./drivers/fsl_uart.o
 .ARM.attributes
                0x000003b6       0x32 ./board/board.o
 .ARM.attributes
                0x000003e8       0x32 ./board/clock_config.o
 .ARM.attributes
                0x0000041a       0x32 ./board/pin_mux.o
 .ARM.attributes
                0x0000044c       0x32 ./CMSIS/system_MKL25Z4.o
 .ARM.attributes
                0x0000047e       0x31 c:/nxp/mcuxpressoide_10.3.0_2200/ide/plugins/com.nxp.mcuxpresso.tools.win32_10.3.0.201811011841/tools/bin/../lib/gcc/arm-none-eabi/7.3.1/../../../../arm-none-eabi/lib/thumb/v6-m\libcr_nohost_nf.a(_cr__main.o)
 .ARM.attributes
                0x000004af       0x31 c:/nxp/mcuxpressoide_10.3.0_2200/ide/plugins/com.nxp.mcuxpresso.tools.win32_10.3.0.201811011841/tools/bin/../lib/gcc/arm-none-eabi/7.3.1/../../../../arm-none-eabi/lib/thumb/v6-m\libcr_c.a(memcpy.o)
 .ARM.attributes
                0x000004e0       0x31 c:/nxp/mcuxpressoide_10.3.0_2200/ide/plugins/com.nxp.mcuxpresso.tools.win32_10.3.0.201811011841/tools/bin/../lib/gcc/arm-none-eabi/7.3.1/../../../../arm-none-eabi/lib/thumb/v6-m\libcr_c.a(memset.o)
 .ARM.attributes
                0x00000511       0x31 c:/nxp/mcuxpressoide_10.3.0_2200/ide/plugins/com.nxp.mcuxpresso.tools.win32_10.3.0.201811011841/tools/bin/../lib/gcc/arm-none-eabi/7.3.1/../../../../arm-none-eabi/lib/thumb/v6-m\libcr_c.a(alloc.o)
 .ARM.attributes
                0x00000542       0x31 c:/nxp/mcuxpressoide_10.3.0_2200/ide/plugins/com.nxp.mcuxpresso.tools.win32_10.3.0.201811011841/tools/bin/../lib/gcc/arm-none-eabi/7.3.1/../../../../arm-none-eabi/lib/thumb/v6-m\libcr_c.a(initio.o)
 .ARM.attributes
                0x00000573       0x31 c:/nxp/mcuxpressoide_10.3.0_2200/ide/plugins/com.nxp.mcuxpresso.tools.win32_10.3.0.201811011841/tools/bin/../lib/gcc/arm-none-eabi/7.3.1/../../../../arm-none-eabi/lib/thumb/v6-m\libcr_c.a(setvbuf.o)
 .ARM.attributes
                0x000005a4       0x31 c:/nxp/mcuxpressoide_10.3.0_2200/ide/plugins/com.nxp.mcuxpresso.tools.win32_10.3.0.201811011841/tools/bin/../lib/gcc/arm-none-eabi/7.3.1/../../../../arm-none-eabi/lib/thumb/v6-m\libcr_c.a(strlen.o)
 .ARM.attributes
                0x000005d5       0x31 c:/nxp/mcuxpressoide_10.3.0_2200/ide/plugins/com.nxp.mcuxpresso.tools.win32_10.3.0.201811011841/tools/bin/../lib/gcc/arm-none-eabi/7.3.1/../../../../arm-none-eabi/lib/thumb/v6-m\libcr_c.a(strncmp.o)
 .ARM.attributes
                0x00000606       0x31 c:/nxp/mcuxpressoide_10.3.0_2200/ide/plugins/com.nxp.mcuxpresso.tools.win32_10.3.0.201811011841/tools/bin/../lib/gcc/arm-none-eabi/7.3.1/../../../../arm-none-eabi/lib/thumb/v6-m\libcr_c.a(__init_alloc.o)
 .ARM.attributes
                0x00000637       0x31 c:/nxp/mcuxpressoide_10.3.0_2200/ide/plugins/com.nxp.mcuxpresso.tools.win32_10.3.0.201811011841/tools/bin/../lib/gcc/arm-none-eabi/7.3.1/../../../../arm-none-eabi/lib/thumb/v6-m\libcr_c.a(_cr_sbrk.o)
 .ARM.attributes
                0x00000668       0x31 c:/nxp/mcuxpressoide_10.3.0_2200/ide/plugins/com.nxp.mcuxpresso.tools.win32_10.3.0.201811011841/tools/bin/../lib/gcc/arm-none-eabi/7.3.1/../../../../arm-none-eabi/lib/thumb/v6-m\libcr_c.a(_fdopen.o)
 .ARM.attributes
                0x00000699       0x31 c:/nxp/mcuxpressoide_10.3.0_2200/ide/plugins/com.nxp.mcuxpresso.tools.win32_10.3.0.201811011841/tools/bin/../lib/gcc/arm-none-eabi/7.3.1/../../../../arm-none-eabi/lib/thumb/v6-m\libcr_c.a(errno.o)
 .ARM.attributes
                0x000006ca       0x31 c:/nxp/mcuxpressoide_10.3.0_2200/ide/plugins/com.nxp.mcuxpresso.tools.win32_10.3.0.201811011841/tools/bin/../lib/gcc/arm-none-eabi/7.3.1/../../../../arm-none-eabi/lib/thumb/v6-m\libcr_c.a(fclose.o)
 .ARM.attributes
                0x000006fb       0x31 c:/nxp/mcuxpressoide_10.3.0_2200/ide/plugins/com.nxp.mcuxpresso.tools.win32_10.3.0.201811011841/tools/bin/../lib/gcc/arm-none-eabi/7.3.1/../../../../arm-none-eabi/lib/thumb/v6-m\libcr_c.a(fflush.o)
 .ARM.attributes
                0x0000072c       0x31 c:/nxp/mcuxpressoide_10.3.0_2200/ide/plugins/com.nxp.mcuxpresso.tools.win32_10.3.0.201811011841/tools/bin/../lib/gcc/arm-none-eabi/7.3.1/../../../../arm-none-eabi/lib/thumb/v6-m\libcr_c.a(fseek.o)
 .ARM.attributes
                0x0000075d       0x31 c:/nxp/mcuxpressoide_10.3.0_2200/ide/plugins/com.nxp.mcuxpresso.tools.win32_10.3.0.201811011841/tools/bin/../lib/gcc/arm-none-eabi/7.3.1/../../../../arm-none-eabi/lib/thumb/v6-m\libcr_c.a(ftell.o)
 .ARM.attributes
                0x0000078e       0x31 c:/nxp/mcuxpressoide_10.3.0_2200/ide/plugins/com.nxp.mcuxpresso.tools.win32_10.3.0.201811011841/tools/bin/../lib/gcc/arm-none-eabi/7.3.1/../../../../arm-none-eabi/lib/thumb/v6-m\libcr_c.a(remove.o)
 .ARM.attributes
                0x000007bf       0x31 c:/nxp/mcuxpressoide_10.3.0_2200/ide/plugins/com.nxp.mcuxpresso.tools.win32_10.3.0.201811011841/tools/bin/../lib/gcc/arm-none-eabi/7.3.1/../../../../arm-none-eabi/lib/thumb/v6-m\libcr_c.a(_cr_check_heap.o)
 .ARM.attributes
                0x000007f0       0x31 c:/nxp/mcuxpressoide_10.3.0_2200/ide/plugins/com.nxp.mcuxpresso.tools.win32_10.3.0.201811011841/tools/bin/../lib/gcc/arm-none-eabi/7.3.1/../../../../arm-none-eabi/lib/thumb/v6-m\libcr_c.a(_do_fflush.o)
 .ARM.attributes
                0x00000821       0x31 c:/nxp/mcuxpressoide_10.3.0_2200/ide/plugins/com.nxp.mcuxpresso.tools.win32_10.3.0.201811011841/tools/bin/../lib/gcc/arm-none-eabi/7.3.1/../../../../arm-none-eabi/lib/thumb/v6-m\libcr_c.a(_fflush.o)
 .ARM.attributes
                0x00000852       0x31 c:/nxp/mcuxpressoide_10.3.0_2200/ide/plugins/com.nxp.mcuxpresso.tools.win32_10.3.0.201811011841/tools/bin/../lib/gcc/arm-none-eabi/7.3.1/../../../../arm-none-eabi/lib/thumb/v6-m\libcr_c.a(_writebuf.o)
 .ARM.attributes
                0x00000883       0x31 c:/nxp/mcuxpressoide_10.3.0_2200/ide/plugins/com.nxp.mcuxpresso.tools.win32_10.3.0.201811011841/tools/bin/../lib/gcc/arm-none-eabi/7.3.1/../../../../arm-none-eabi/lib/thumb/v6-m\libcr_c.a(_deferredlazyseek.o)
 .ARM.attributes
                0x000008b4       0x21 c:/nxp/mcuxpressoide_10.3.0_2200/ide/plugins/com.nxp.mcuxpresso.tools.win32_10.3.0.201811011841/tools/bin/../lib/gcc/arm-none-eabi/7.3.1/thumb/v6-m\libcr_eabihelpers.a(division_32.o)
 .ARM.attributes
                0x000008d5       0x21 c:/nxp/mcuxpressoide_10.3.0_2200/ide/plugins/com.nxp.mcuxpresso.tools.win32_10.3.0.201811011841/tools/bin/../lib/gcc/arm-none-eabi/7.3.1/thumb/v6-m\libcr_eabihelpers.a(division_idiv0.o)
 .ARM.attributes
                0x000008f6       0x21 c:/nxp/mcuxpressoide_10.3.0_2200/ide/plugins/com.nxp.mcuxpresso.tools.win32_10.3.0.201811011841/tools/bin/../lib/gcc/arm-none-eabi/7.3.1/thumb/v6-m\libcr_eabihelpers.a(memcpy.o)
 .ARM.attributes
                0x00000917       0x31 c:/nxp/mcuxpressoide_10.3.0_2200/ide/plugins/com.nxp.mcuxpresso.tools.win32_10.3.0.201811011841/tools/bin/../lib/gcc/arm-none-eabi/7.3.1/../../../../arm-none-eabi/lib/thumb/v6-m\libcr_nohost_nf.a(__ciob.o)
 .ARM.attributes
                0x00000948       0x31 c:/nxp/mcuxpressoide_10.3.0_2200/ide/plugins/com.nxp.mcuxpresso.tools.win32_10.3.0.201811011841/tools/bin/../lib/gcc/arm-none-eabi/7.3.1/../../../../arm-none-eabi/lib/thumb/v6-m\libcr_nohost_nf.a(__sys_close.o)
 .ARM.attributes
                0x00000979       0x31 c:/nxp/mcuxpressoide_10.3.0_2200/ide/plugins/com.nxp.mcuxpresso.tools.win32_10.3.0.201811011841/tools/bin/../lib/gcc/arm-none-eabi/7.3.1/../../../../arm-none-eabi/lib/thumb/v6-m\libcr_nohost_nf.a(__sys_flen.o)
 .ARM.attributes
                0x000009aa       0x31 c:/nxp/mcuxpressoide_10.3.0_2200/ide/plugins/com.nxp.mcuxpresso.tools.win32_10.3.0.201811011841/tools/bin/../lib/gcc/arm-none-eabi/7.3.1/../../../../arm-none-eabi/lib/thumb/v6-m\libcr_nohost_nf.a(__sys_istty.o)
 .ARM.attributes
                0x000009db       0x31 c:/nxp/mcuxpressoide_10.3.0_2200/ide/plugins/com.nxp.mcuxpresso.tools.win32_10.3.0.201811011841/tools/bin/../lib/gcc/arm-none-eabi/7.3.1/../../../../arm-none-eabi/lib/thumb/v6-m\libcr_nohost_nf.a(__sys_remove.o)
 .ARM.attributes
                0x00000a0c       0x31 c:/nxp/mcuxpressoide_10.3.0_2200/ide/plugins/com.nxp.mcuxpresso.tools.win32_10.3.0.201811011841/tools/bin/../lib/gcc/arm-none-eabi/7.3.1/../../../../arm-none-eabi/lib/thumb/v6-m\libcr_nohost_nf.a(__sys_seek.o)
 .ARM.attributes
                0x00000a3d       0x31 c:/nxp/mcuxpressoide_10.3.0_2200/ide/plugins/com.nxp.mcuxpresso.tools.win32_10.3.0.201811011841/tools/bin/../lib/gcc/arm-none-eabi/7.3.1/../../../../arm-none-eabi/lib/thumb/v6-m\libcr_nohost_nf.a(__sys_tmpnam.o)

.debug_frame    0x00000000     0x1a94
 .debug_frame   0x00000000      0x1f0 ./utilities/fsl_debug_console.o
 .debug_frame   0x000001f0      0x3b0 ./startup/startup_mkl25z4.o
 .debug_frame   0x000005a0       0x30 ./src/allocate.o
 .debug_frame   0x000005d0       0x30 ./src/display.o
 .debug_frame   0x00000600       0x2c ./src/exit_pgm.o
 .debug_frame   0x0000062c       0x2c ./src/free_mem.o
 .debug_frame   0x00000658       0x2c ./src/help.o
 .debug_frame   0x00000684       0x30 ./src/invert.o
 .debug_frame   0x000006b4      0x104 ./src/main.o
 .debug_frame   0x000007b8       0x30 ./src/pattern.o
 .debug_frame   0x000007e8       0x50 ./src/retarget_itm.o
 .debug_frame   0x00000838       0x20 ./src/semihost_hardfault.o
 .debug_frame   0x00000858       0x30 ./src/verify.o
 .debug_frame   0x00000888       0x30 ./src/write.o
 .debug_frame   0x000008b8      0x6e0 ./drivers/fsl_clock.o
 .debug_frame   0x00000f98       0x90 ./drivers/fsl_common.o
 .debug_frame   0x00001028      0x418 ./drivers/fsl_lpsci.o
 .debug_frame   0x00001440      0x468 ./drivers/fsl_uart.o
 .debug_frame   0x000018a8       0x50 ./board/board.o
 .debug_frame   0x000018f8       0xe4 ./board/clock_config.o
 .debug_frame   0x000019dc       0x6c ./board/pin_mux.o
 .debug_frame   0x00001a48       0x4c ./CMSIS/system_MKL25Z4.o
